Archive member included because of file (symbol)

c:/altera/13.0/nios2eds/bin/gnu/h-i686-mingw32/bin/../lib/gcc/nios2-elf/4.1.2/../../../../nios2-elf/lib\libc.a(lib_a-memset.o)
                              obj/default//C/goku/DE2-115_Media_Computer/app_software_HAL/media_graphics_HAL/media_graphics_HAL.o (memset)
BSP/\libhal_bsp.a(alt_load.o)
                              BSP//obj/HAL/src/crt0.o (alt_load)
BSP/\libhal_bsp.a(alt_main.o)
                              BSP//obj/HAL/src/crt0.o (alt_main)
BSP/\libhal_bsp.a(alt_printf.o)
                              obj/default//C/goku/DE2-115_Media_Computer/app_software_HAL/media_graphics_HAL/media_graphics_HAL.o (alt_printf)
BSP/\libhal_bsp.a(alt_putchar.o)
                              BSP/\libhal_bsp.a(alt_printf.o) (alt_putchar)
BSP/\libhal_bsp.a(alt_sys_init.o)
                              BSP/\libhal_bsp.a(alt_main.o) (alt_irq_init)
BSP/\libhal_bsp.a(altera_avalon_jtag_uart_fd.o)
                              BSP/\libhal_bsp.a(alt_sys_init.o) (altera_avalon_jtag_uart_ioctl_fd)
BSP/\libhal_bsp.a(altera_avalon_jtag_uart_init.o)
                              BSP/\libhal_bsp.a(altera_avalon_jtag_uart_fd.o) (altera_avalon_jtag_uart_close)
BSP/\libhal_bsp.a(altera_avalon_jtag_uart_ioctl.o)
                              BSP/\libhal_bsp.a(altera_avalon_jtag_uart_fd.o) (altera_avalon_jtag_uart_ioctl)
BSP/\libhal_bsp.a(altera_avalon_jtag_uart_read.o)
                              BSP/\libhal_bsp.a(altera_avalon_jtag_uart_fd.o) (altera_avalon_jtag_uart_read)
BSP/\libhal_bsp.a(altera_avalon_jtag_uart_write.o)
                              BSP/\libhal_bsp.a(altera_avalon_jtag_uart_fd.o) (altera_avalon_jtag_uart_write)
BSP/\libhal_bsp.a(altera_up_avalon_character_lcd.o)
                              BSP/\libhal_bsp.a(alt_sys_init.o) (alt_up_character_lcd_write_fd)
BSP/\libhal_bsp.a(altera_up_avalon_video_character_buffer_with_dma.o)
                              obj/default//C/goku/DE2-115_Media_Computer/app_software_HAL/media_graphics_HAL/media_graphics_HAL.o (alt_up_char_buffer_string)
BSP/\libhal_bsp.a(altera_up_avalon_video_pixel_buffer_dma.o)
                              obj/default//C/goku/DE2-115_Media_Computer/app_software_HAL/media_graphics_HAL/media_graphics_HAL.o (alt_up_pixel_buffer_dma_draw_line)
BSP/\libhal_bsp.a(alt_alarm_start.o)
                              BSP/\libhal_bsp.a(altera_avalon_jtag_uart_init.o) (alt_alarm_start)
BSP/\libhal_bsp.a(alt_close.o)
                              BSP/\libhal_bsp.a(alt_main.o) (close)
BSP/\libhal_bsp.a(alt_dcache_flush_all.o)
                              BSP/\libhal_bsp.a(alt_load.o) (alt_dcache_flush_all)
BSP/\libhal_bsp.a(alt_dev.o)  BSP/\libhal_bsp.a(alt_sys_init.o) (alt_dev_list)
BSP/\libhal_bsp.a(alt_dev_llist_insert.o)
                              BSP/\libhal_bsp.a(alt_sys_init.o) (alt_dev_llist_insert)
BSP/\libhal_bsp.a(alt_errno.o)
                              BSP/\libhal_bsp.a(alt_close.o) (alt_errno)
BSP/\libhal_bsp.a(alt_find_dev.o)
                              BSP/\libhal_bsp.a(altera_up_avalon_character_lcd.o) (alt_find_dev)
BSP/\libhal_bsp.a(alt_icache_flush_all.o)
                              BSP/\libhal_bsp.a(alt_load.o) (alt_icache_flush_all)
BSP/\libhal_bsp.a(alt_io_redirect.o)
                              BSP/\libhal_bsp.a(alt_main.o) (alt_io_redirect)
BSP/\libhal_bsp.a(alt_irq_register.o)
                              BSP/\libhal_bsp.a(altera_avalon_jtag_uart_init.o) (alt_irq_register)
BSP/\libhal_bsp.a(alt_irq_vars.o)
                              BSP/\libhal_bsp.a(alt_irq_register.o) (alt_irq_active)
BSP/\libhal_bsp.a(alt_open.o)
                              BSP/\libhal_bsp.a(alt_io_redirect.o) (open)
BSP/\libhal_bsp.a(alt_release_fd.o)
                              BSP/\libhal_bsp.a(alt_close.o) (alt_release_fd)
BSP/\libhal_bsp.a(alt_tick.o)
                              BSP/\libhal_bsp.a(alt_alarm_start.o) (alt_alarm_list)
BSP/\libhal_bsp.a(altera_nios2_qsys_irq.o)
                              BSP/\libhal_bsp.a(alt_sys_init.o) (altera_nios2_qsys_irq_init)
BSP/\libhal_bsp.a(alt_find_file.o)
                              BSP/\libhal_bsp.a(alt_open.o) (alt_find_file)
BSP/\libhal_bsp.a(alt_get_fd.o)
                              BSP/\libhal_bsp.a(alt_open.o) (alt_get_fd)
BSP/\libhal_bsp.a(alt_icache_flush.o)
                              BSP/\libhal_bsp.a(alt_icache_flush_all.o) (alt_icache_flush)
BSP/\libhal_bsp.a(alt_irq_entry.o)
                              BSP/\libhal_bsp.a(alt_irq_register.o) (alt_irq_entry)
BSP/\libhal_bsp.a(alt_irq_handler.o)
                              BSP/\libhal_bsp.a(alt_irq_register.o) (alt_irq_handler)
BSP/\libhal_bsp.a(alt_exception_entry.o)
                              BSP/\libhal_bsp.a(alt_irq_entry.o) (alt_exception)
c:/altera/13.0/nios2eds/bin/gnu/h-i686-mingw32/bin/../lib/gcc/nios2-elf/4.1.2/../../../../nios2-elf/lib\libc.a(lib_a-exit.o)
[...]
Memory Configuration

Name             Origin             Length             Attributes
reset            0x00000000         0x00000020
SDRAM            0x00000020         0x07ffffe0
Flash_flash_data 0x09800000         0x00800000
*default*        0x00000000         0xffffffff

Linker script and memory map

LOAD BSP//obj/HAL/src/crt0.o
LOAD obj/default//C/goku/DE2-115_Media_Computer/app_software_HAL/media_graphics_HAL/media_graphics_HAL.o
LOAD c:/altera/13.0/nios2eds/bin/gnu/h-i686-mingw32/bin/../lib/gcc/nios2-elf/4.1.2/../../../../nios2-elf/lib\libstdc++.a
LOAD c:/altera/13.0/nios2eds/bin/gnu/h-i686-mingw32/bin/../lib/gcc/nios2-elf/4.1.2/../../../../nios2-elf/lib\libm.a
LOAD c:/altera/13.0/nios2eds/bin/gnu/h-i686-mingw32/bin/../lib/gcc/nios2-elf/4.1.2\libgcc.a
START GROUP
LOAD c:/altera/13.0/nios2eds/bin/gnu/h-i686-mingw32/bin/../lib/gcc/nios2-elf/4.1.2/../../../../nios2-elf/lib\libc.a
LOAD c:/altera/13.0/nios2eds/bin/gnu/h-i686-mingw32/bin/../lib/gcc/nios2-elf/4.1.2\libgcc.a
LOAD BSP/\libhal_bsp.a
END GROUP
LOAD c:/altera/13.0/nios2eds/bin/gnu/h-i686-mingw32/bin/../lib/gcc/nios2-elf/4.1.2\libgcc.a
                0x00000000                __alt_mem_SDRAM = 0x0
                0x09800000                __alt_mem_Flash_flash_data = 0x9800000

.entry          0x00000000       0x20
 *(.entry)
 .entry         0x00000000       0x20 BSP//obj/HAL/src/crt0.o
                0x00000000                __reset

.exceptions     0x00000020      0x148
                0x00000020                PROVIDE (__ram_exceptions_start, ABSOLUTE (.))
                0x00000020                . = ALIGN (0x20)
 *(.irq)
 *(.exceptions.entry.label)
 .exceptions.entry.label
                0x00000020        0x0 BSP/\libhal_bsp.a(alt_irq_entry.o)
                0x00000020                alt_irq_entry
 .exceptions.entry.label
                0x00000020        0x0 BSP/\libhal_bsp.a(alt_exception_entry.o)
                0x00000020                alt_exception
 *(.exceptions.entry.user)
 *(.exceptions.entry)
 .exceptions.entry
                0x00000020       0x54 BSP/\libhal_bsp.a(alt_exception_entry.o)
 *(.exceptions.irqtest.user)
 *(.exceptions.irqtest)
 .exceptions.irqtest
                0x00000074       0x10 BSP/\libhal_bsp.a(alt_irq_entry.o)
 *(.exceptions.irqhandler.user)
 *(.exceptions.irqhandler)
 .exceptions.irqhandler
                0x00000084        0x4 BSP/\libhal_bsp.a(alt_irq_entry.o)
 *(.exceptions.irqreturn.user)
 *(.exceptions.irqreturn)
 .exceptions.irqreturn
                0x00000088        0x4 BSP/\libhal_bsp.a(alt_irq_entry.o)
 *(.exceptions.notirq.label)
 .exceptions.notirq.label
                0x0000008c        0x0 BSP/\libhal_bsp.a(alt_irq_entry.o)
 *(.exceptions.notirq.user)
 *(.exceptions.notirq)
 .exceptions.notirq
                0x0000008c        0x8 BSP/\libhal_bsp.a(alt_exception_entry.o)
 *(.exceptions.soft.user)
 *(.exceptions.soft)
 *(.exceptions.unknown.user)
 *(.exceptions.unknown)
 .exceptions.unknown
                0x00000094        0x4 BSP/\libhal_bsp.a(alt_exception_entry.o)
 *(.exceptions.exit.label)
 .exceptions.exit.label
                0x00000098        0x0 BSP/\libhal_bsp.a(alt_irq_entry.o)
 .exceptions.exit.label
                0x00000098        0x0 BSP/\libhal_bsp.a(alt_exception_entry.o)
 *(.exceptions.exit.user)
 *(.exceptions.exit)
 .exceptions.exit
                0x00000098       0x54 BSP/\libhal_bsp.a(alt_exception_entry.o)
 *(.exceptions)
 .exceptions    0x000000ec       0x7c BSP/\libhal_bsp.a(alt_irq_handler.o)
                0x000000ec                alt_irq_handler
                0x00000168                PROVIDE (__ram_exceptions_end, ABSOLUTE (.))
                0x00000020                PROVIDE (__flash_exceptions_start, LOADADDR (.exceptions))

.text           0x00000168     0x4f94
                0x00000168                PROVIDE (stext, ABSOLUTE (.))
 *(.interp)
 *(.hash)
 *(.dynsym)
 *(.dynstr)
 *(.gnu.version)
 *(.gnu.version_d)
 *(.gnu.version_r)
 *(.rel.init)
 *(.rela.init)
 *(.rel.text .rel.text.* .rel.gnu.linkonce.t.*)
 *(.rela.text .rela.text.* .rela.gnu.linkonce.t.*)
 *(.rel.fini)
 *(.rela.fini)
 *(.rel.rodata .rel.rodata.* .rel.gnu.linkonce.r.*)
 *(.rela.rodata .rela.rodata.* .rela.gnu.linkonce.r.*)
 *(.rel.data .rel.data.* .rel.gnu.linkonce.d.*)
 *(.rela.data .rela.data.* .rela.gnu.linkonce.d.*)
 *(.rel.tdata .rel.tdata.* .rel.gnu.linkonce.td.*)
 *(.rela.tdata .rela.tdata.* .rela.gnu.linkonce.td.*)
 *(.rel.tbss .rel.tbss.* .rel.gnu.linkonce.tb.*)
 *(.rela.tbss .rela.tbss.* .rela.gnu.linkonce.tb.*)
 *(.rel.ctors)
 *(.rela.ctors)
 *(.rel.dtors)
 *(.rela.dtors)
 *(.rel.got)
 *(.rela.got)
 *(.rel.sdata .rel.sdata.* .rel.gnu.linkonce.s.*)
 *(.rela.sdata .rela.sdata.* .rela.gnu.linkonce.s.*)
 *(.rel.sbss .rel.sbss.* .rel.gnu.linkonce.sb.*)
 *(.rela.sbss .rela.sbss.* .rela.gnu.linkonce.sb.*)
 *(.rel.sdata2 .rel.sdata2.* .rel.gnu.linkonce.s2.*)
 *(.rela.sdata2 .rela.sdata2.* .rela.gnu.linkonce.s2.*)
 *(.rel.sbss2 .rel.sbss2.* .rel.gnu.linkonce.sb2.*)
 *(.rela.sbss2 .rela.sbss2.* .rela.gnu.linkonce.sb2.*)
 *(.rel.bss .rel.bss.* .rel.gnu.linkonce.b.*)
 *(.rela.bss .rela.bss.* .rela.gnu.linkonce.b.*)
 *(.rel.plt)
 *(.rela.plt)
 *(.rel.dyn)
 *(.init)
 *(.plt)
 *(.text .stub .text.* .gnu.linkonce.t.*)
 .text          0x00000168       0x3c BSP//obj/HAL/src/crt0.o
                0x00000168                _start
 .text          0x000001a4      0x658 obj/default//C/goku/DE2-115_Media_Computer/app_software_HAL/media_graphics_HAL/media_graphics_HAL.o
                0x000001a4                draw_big_A
                0x00000398                main
 .text          0x000007fc       0x98 c:/altera/13.0/nios2eds/bin/gnu/h-i686-mingw32/bin/../lib/gcc/nios2-elf/4.1.2/../../../../nios2-elf/lib\libc.a(lib_a-memset.o)
                0x000007fc                memset
 .text          0x00000894       0xc4 BSP/\libhal_bsp.a(alt_load.o)
                0x00000894                alt_load
 .text          0x00000958       0x50 BSP/\libhal_bsp.a(alt_main.o)
                0x00000958                alt_main
 .text          0x000009a8      0x1dc BSP/\libhal_bsp.a(alt_printf.o)
                0x000009a8                alt_printf
 .text          0x00000b84       0x28 BSP/\libhal_bsp.a(alt_putchar.o)
                0x00000b84                alt_putchar
 .text          0x00000bac      0x278 BSP/\libhal_bsp.a(alt_sys_init.o)
                0x00000bac                alt_irq_init
                0x00000bcc                alt_sys_init
 .text          0x00000e24       0x98 BSP/\libhal_bsp.a(altera_avalon_jtag_uart_fd.o)
                0x00000e24                altera_avalon_jtag_uart_ioctl_fd
                0x00000e44                altera_avalon_jtag_uart_close_fd
                0x00000e6c                altera_avalon_jtag_uart_write_fd
                0x00000e94                altera_avalon_jtag_uart_read_fd
 .text          0x00000ebc      0x238 BSP/\libhal_bsp.a(altera_avalon_jtag_uart_init.o)
                0x00000ebc                altera_avalon_jtag_uart_close
                0x00000f48                altera_avalon_jtag_uart_init
 .text          0x000010f4       0x74 BSP/\libhal_bsp.a(altera_avalon_jtag_uart_ioctl.o)
                0x000010f4                altera_avalon_jtag_uart_ioctl
 .text          0x00001168      0x168 BSP/\libhal_bsp.a(altera_avalon_jtag_uart_read.o)
                0x00001168                altera_avalon_jtag_uart_read
 .text          0x000012d0      0x17c BSP/\libhal_bsp.a(altera_avalon_jtag_uart_write.o)
                0x000012d0                altera_avalon_jtag_uart_write
 .text          0x0000144c      0x30c BSP/\libhal_bsp.a(altera_up_avalon_character_lcd.o)
                0x0000144c                get_DDRAM_addr
                0x00001468                alt_up_character_lcd_string
                0x000014b4                alt_up_character_lcd_write
                0x000014e0                alt_up_character_lcd_write_fd
                0x00001500                alt_up_character_lcd_init
                0x00001510                alt_up_character_lcd_send_cmd
                0x00001520                alt_up_character_lcd_cursor_blink_on
                0x0000153c                alt_up_character_lcd_cursor_off
                0x00001558                alt_up_character_lcd_erase_pos
                0x000015c4                alt_up_character_lcd_shift_display
                0x00001654                alt_up_character_lcd_shift_cursor
                0x000016e4                alt_up_character_lcd_set_cursor_pos
                0x00001738                alt_up_character_lcd_open_dev
 .text          0x00001758      0x178 BSP/\libhal_bsp.a(altera_up_avalon_video_character_buffer_with_dma.o)
                0x00001758                alt_up_char_buffer_string
                0x000017e0                alt_up_char_buffer_draw
                0x00001838                alt_up_char_buffer_clear
                0x00001860                alt_up_char_buffer_open_dev
                0x00001880                alt_up_char_buffer_init
 .text          0x000018d0      0xa50 BSP/\libhal_bsp.a(altera_up_avalon_video_pixel_buffer_dma.o)
                0x000018d0                helper_plot_pixel
                0x0000192c                alt_up_pixel_buffer_dma_draw_line
                0x00001b18                alt_up_pixel_buffer_dma_draw_vline
                0x00001cac                alt_up_pixel_buffer_dma_draw_hline
                0x00001e20                alt_up_pixel_buffer_dma_draw_rectangle
                0x00001ef0                alt_up_pixel_buffer_dma_draw_box
                0x00002134                alt_up_pixel_buffer_dma_clear_screen
                0x000021e8                alt_up_pixel_buffer_dma_swap_buffers
                0x0000220c                alt_up_pixel_buffer_dma_draw
                0x000022c8                alt_up_pixel_buffer_dma_check_swap_buffers_status
                0x000022d8                alt_up_pixel_buffer_dma_change_back_buffer_address
                0x00002300                alt_up_pixel_buffer_dma_open_dev
 .text          0x00002320       0x94 BSP/\libhal_bsp.a(alt_alarm_start.o)
                0x00002320                alt_alarm_start
 .text          0x000023b4       0xdc BSP/\libhal_bsp.a(alt_close.o)
                0x000023b4                close
 .text          0x00002490        0x4 BSP/\libhal_bsp.a(alt_dcache_flush_all.o)
                0x00002490                alt_dcache_flush_all
 .text          0x00002494        0x8 BSP/\libhal_bsp.a(alt_dev.o)
 .text          0x0000249c       0x70 BSP/\libhal_bsp.a(alt_dev_llist_insert.o)
                0x0000249c                alt_dev_llist_insert
 .text          0x0000250c        0x0 BSP/\libhal_bsp.a(alt_errno.o)
 .text          0x0000250c       0x70 BSP/\libhal_bsp.a(alt_find_dev.o)
                0x0000250c                alt_find_dev
 .text          0x0000257c       0x20 BSP/\libhal_bsp.a(alt_icache_flush_all.o)
                0x0000257c                alt_icache_flush_all
 .text          0x0000259c       0xfc BSP/\libhal_bsp.a(alt_io_redirect.o)
                0x00002600                alt_io_redirect
 .text          0x00002698       0xbc BSP/\libhal_bsp.a(alt_irq_register.o)
                0x00002698                alt_irq_register
 .text          0x00002754        0x0 BSP/\libhal_bsp.a(alt_irq_vars.o)
 .text          0x00002754      0x17c BSP/\libhal_bsp.a(alt_open.o)
                0x00002754                open
 .text          0x000028d0       0x24 BSP/\libhal_bsp.a(alt_release_fd.o)
                0x000028d0                alt_release_fd
 .text          0x000028f4       0xe0 BSP/\libhal_bsp.a(alt_tick.o)
                0x000028f4                alt_alarm_stop
                0x00002928                alt_tick
 .text          0x000029d4        0x8 BSP/\libhal_bsp.a(altera_nios2_qsys_irq.o)
                0x000029d4                altera_nios2_qsys_irq_init
 .text          0x000029dc       0xbc BSP/\libhal_bsp.a(alt_find_file.o)
                0x000029dc                alt_find_file
 .text          0x00002a98       0x6c BSP/\libhal_bsp.a(alt_get_fd.o)
                0x00002a98                alt_get_fd
 .text          0x00002b04       0x3c BSP/\libhal_bsp.a(alt_icache_flush.o)
                0x00002b04                alt_icache_flush
 .text          0x00002b40        0x0 BSP/\libhal_bsp.a(alt_irq_entry.o)
 .text          0x00002b40        0x0 BSP/\libhal_bsp.a(alt_irq_handler.o)
 .text          0x00002b40        0x0 BSP/\libhal_bsp.a(alt_exception_entry.o)
 .text          0x00002b40       0x38 c:/altera/13.0/nios2eds/bin/gnu/h-i686-mingw32/bin/../lib/gcc/nios2-elf/4.1.2/../../../../nios2-elf/lib\libc.a(lib_a-exit.o)
                0x00002b40                exit
 .text          0x00002b78        0x0 c:/altera/13.0/nios2eds/bin/gnu/h-i686-mingw32/bin/../lib/gcc/nios2-elf/4.1.2/../../../../nios2-elf/lib\libc.a(lib_a-impure.o)
 .text          0x00002b78        0x0 c:/altera/13.0/nios2eds/bin/gnu/h-i686-mingw32/bin/../lib/gcc/nios2-elf/4.1.2/../../../../nios2-elf/lib\libc.a(lib_a-int_errno.o)
 .text          0x00002b78       0x74 c:/altera/13.0/nios2eds/bin/gnu/h-i686-mingw32/bin/../lib/gcc/nios2-elf/4.1.2/../../../../nios2-elf/lib\libc.a(lib_a-memcmp.o)
                0x00002b78                memcmp
 .text          0x00002bec       0xa0 c:/altera/13.0/nios2eds/bin/gnu/h-i686-mingw32/bin/../lib/gcc/nios2-elf/4.1.2/../../../../nios2-elf/lib\libc.a(lib_a-memcpy.o)
                0x00002bec                memcpy
 .text          0x00002c8c      0x1ec c:/altera/13.0/nios2eds/bin/gnu/h-i686-mingw32/bin/../lib/gcc/nios2-elf/4.1.2/../../../../nios2-elf/lib\libc.a(lib_a-putc.o)
                0x00002c8c                putc
                0x00002d90                _putc_r
 .text          0x00002e78       0xbc c:/altera/13.0/nios2eds/bin/gnu/h-i686-mingw32/bin/../lib/gcc/nios2-elf/4.1.2/../../../../nios2-elf/lib\libc.a(lib_a-strcmp.o)
                0x00002e78                strcmp
 .text          0x00002f34       0x74 c:/altera/13.0/nios2eds/bin/gnu/h-i686-mingw32/bin/../lib/gcc/nios2-elf/4.1.2/../../../../nios2-elf/lib\libc.a(lib_a-strlen.o)
                0x00002f34                strlen
 .text          0x00002fa8      0x14c c:/altera/13.0/nios2eds/bin/gnu/h-i686-mingw32/bin/../lib/gcc/nios2-elf/4.1.2/../../../../nios2-elf/lib\libc.a(lib_a-wbuf.o)
                0x00002fa8                __swbuf_r
                0x000030d8                __swbuf
 .text          0x000030f4      0x13c c:/altera/13.0/nios2eds/bin/gnu/h-i686-mingw32/bin/../lib/gcc/nios2-elf/4.1.2/../../../../nios2-elf/lib\libc.a(lib_a-wsetup.o)
                0x000030f4                __swsetup_r
 .text          0x00003230      0x1b4 c:/altera/13.0/nios2eds/bin/gnu/h-i686-mingw32/bin/../lib/gcc/nios2-elf/4.1.2/../../../../nios2-elf/lib\libc.a(lib_a-__call_atexit.o)
                0x00003234                __call_exitprocs
 .text          0x000033e4      0x230 c:/altera/13.0/nios2eds/bin/gnu/h-i686-mingw32/bin/../lib/gcc/nios2-elf/4.1.2/../../../../nios2-elf/lib\libc.a(lib_a-fflush.o)
                0x000033e4                _fflush_r
                0x000035e0                fflush
 .text          0x00003614      0x2c0 c:/altera/13.0/nios2eds/bin/gnu/h-i686-mingw32/bin/../lib/gcc/nios2-elf/4.1.2/../../../../nios2-elf/lib\libc.a(lib_a-findfp.o)
                0x0000366c                __sfp_lock_acquire
                0x00003670                __sfp_lock_release
                0x00003674                __sinit_lock_acquire
                0x00003678                __sinit_lock_release
                0x0000367c                __sinit
                0x00003730                __fp_unlock_all
                0x00003748                __fp_lock_all
                0x00003760                _cleanup_r
                0x0000376c                _cleanup
                0x0000377c                __sfmoreglue
                0x000037e4                __sfp
 .text          0x000038d4      0x440 c:/altera/13.0/nios2eds/bin/gnu/h-i686-mingw32/bin/../lib/gcc/nios2-elf/4.1.2/../../../../nios2-elf/lib\libc.a(lib_a-freer.o)
                0x000038d4                _malloc_trim_r
                0x00003a00                _free_r
 .text          0x00003d14      0x180 c:/altera/13.0/nios2eds/bin/gnu/h-i686-mingw32/bin/../lib/gcc/nios2-elf/4.1.2/../../../../nios2-elf/lib\libc.a(lib_a-fwalk.o)
                0x00003d14                _fwalk_reent
                0x00003ddc                _fwalk
 .text          0x00003e94      0x194 c:/altera/13.0/nios2eds/bin/gnu/h-i686-mingw32/bin/../lib/gcc/nios2-elf/4.1.2/../../../../nios2-elf/lib\libc.a(lib_a-makebuf.o)
                0x00003e94                __smakebuf_r
 .text          0x00004028      0x740 c:/altera/13.0/nios2eds/bin/gnu/h-i686-mingw32/bin/../lib/gcc/nios2-elf/4.1.2/../../../../nios2-elf/lib\libc.a(lib_a-mallocr.o)
                0x00004028                _malloc_r
 .text          0x00004768       0x70 c:/altera/13.0/nios2eds/bin/gnu/h-i686-mingw32/bin/../lib/gcc/nios2-elf/4.1.2/../../../../nios2-elf/lib\libc.a(lib_a-sbrkr.o)
                0x00004768                _sbrk_r
 .text          0x000047d8      0x14c c:/altera/13.0/nios2eds/bin/gnu/h-i686-mingw32/bin/../lib/gcc/nios2-elf/4.1.2/../../../../nios2-elf/lib\libc.a(lib_a-stdio.o)
                0x000047d8                __sclose
                0x000047e0                __sseek
                0x00004848                __swrite
                0x000048c4                __sread
 .text          0x00004924       0x78 c:/altera/13.0/nios2eds/bin/gnu/h-i686-mingw32/bin/../lib/gcc/nios2-elf/4.1.2/../../../../nios2-elf/lib\libc.a(lib_a-writer.o)
                0x00004924                _write_r
 .text          0x0000499c       0x70 c:/altera/13.0/nios2eds/bin/gnu/h-i686-mingw32/bin/../lib/gcc/nios2-elf/4.1.2/../../../../nios2-elf/lib\libc.a(lib_a-closer.o)
                0x0000499c                _close_r
 .text          0x00004a0c      0x124 c:/altera/13.0/nios2eds/bin/gnu/h-i686-mingw32/bin/../lib/gcc/nios2-elf/4.1.2/../../../../nios2-elf/lib\libc.a(lib_a-fclose.o)
                0x00004a0c                _fclose_r
                0x00004b1c                fclose
 .text          0x00004b30       0x74 c:/altera/13.0/nios2eds/bin/gnu/h-i686-mingw32/bin/../lib/gcc/nios2-elf/4.1.2/../../../../nios2-elf/lib\libc.a(lib_a-fstatr.o)
                0x00004b30                _fstat_r
 .text          0x00004ba4       0x70 c:/altera/13.0/nios2eds/bin/gnu/h-i686-mingw32/bin/../lib/gcc/nios2-elf/4.1.2/../../../../nios2-elf/lib\libc.a(lib_a-isattyr.o)
                0x00004ba4                _isatty_r
 .text          0x00004c14       0x78 c:/altera/13.0/nios2eds/bin/gnu/h-i686-mingw32/bin/../lib/gcc/nios2-elf/4.1.2/../../../../nios2-elf/lib\libc.a(lib_a-lseekr.o)
                0x00004c14                _lseek_r
 .text          0x00004c8c       0x78 c:/altera/13.0/nios2eds/bin/gnu/h-i686-mingw32/bin/../lib/gcc/nios2-elf/4.1.2/../../../../nios2-elf/lib\libc.a(lib_a-readr.o)
                0x00004c8c                _read_r
 .text          0x00004d04       0x14 BSP/\libhal_bsp.a(alt_exit.o)
                0x00004d04                _exit
 .text          0x00004d18       0x80 BSP/\libhal_bsp.a(alt_fstat.o)
                0x00004d18                fstat
 .text          0x00004d98       0x84 BSP/\libhal_bsp.a(alt_isatty.o)
                0x00004d98                isatty
 .text          0x00004e1c       0x98 BSP/\libhal_bsp.a(alt_lseek.o)
                0x00004e1c                lseek
 .text          0x00004eb4        0x8 BSP/\libhal_bsp.a(alt_malloc_lock.o)
                0x00004eb4                __malloc_lock
                0x00004eb8                __malloc_unlock
 .text          0x00004ebc       0xf8 BSP/\libhal_bsp.a(alt_read.o)
                0x00004ebc                read
 .text          0x00004fb4       0x50 BSP/\libhal_bsp.a(alt_sbrk.o)
                0x00004fb4                sbrk
 .text          0x00005004       0xf4 BSP/\libhal_bsp.a(alt_write.o)
                0x00005004                write
 *(.gnu.warning.*)
 *(.fini)
                0x000050f8                PROVIDE (__etext, ABSOLUTE (.))
                0x000050f8                PROVIDE (_etext, ABSOLUTE (.))
                0x000050f8                PROVIDE (etext, ABSOLUTE (.))
 *(.eh_frame_hdr)
                0x000050f8                . = ALIGN (0x4)
                0x000050f8                PROVIDE (__preinit_array_start, ABSOLUTE (.))
 *(.preinit_array)
                0x000050f8                PROVIDE (__preinit_array_end, ABSOLUTE (.))
                0x000050f8                PROVIDE (__init_array_start, ABSOLUTE (.))
 *(.init_array)
                0x000050f8                PROVIDE (__init_array_end, ABSOLUTE (.))
                0x000050f8                PROVIDE (__fini_array_start, ABSOLUTE (.))
 *(.fini_array)
                0x000050f8                PROVIDE (__fini_array_end, ABSOLUTE (.))
 *(.eh_frame)
 *(.gcc_except_table)
 *(.dynamic)
                0x000050f8                PROVIDE (__CTOR_LIST__, ABSOLUTE (.))
 *(.ctors)
 *(SORT(.ctors.*))
 .ctors.65535   0x000050f8        0x4 c:/altera/13.0/nios2eds/bin/gnu/h-i686-mingw32/bin/../lib/gcc/nios2-elf/4.1.2/../../../../nios2-elf/lib\libc.a(lib_a-__call_atexit.o)
                0x000050fc                PROVIDE (__CTOR_END__, ABSOLUTE (.))
                0x000050fc                PROVIDE (__DTOR_LIST__, ABSOLUTE (.))
 *(.dtors)
 *(SORT(.dtors.*))
                0x000050fc                PROVIDE (__DTOR_END__, ABSOLUTE (.))
 *(.jcr)
                0x000050fc                . = ALIGN (0x4)

.rodata         0x000050fc      0x228
                0x000050fc                PROVIDE (__ram_rodata_start, ABSOLUTE (.))
                0x000050fc                . = ALIGN (0x4)
 *(.rodata .rodata.* .gnu.linkonce.r.*)
 .rodata.str1.4
                0x000050fc       0xdc obj/default//C/goku/DE2-115_Media_Computer/app_software_HAL/media_graphics_HAL/media_graphics_HAL.o
 .rodata        0x000051d8       0x50 obj/default//C/goku/DE2-115_Media_Computer/app_software_HAL/media_graphics_HAL/media_graphics_HAL.o
 .rodata.str1.4
                0x00005228        0xf BSP/\libhal_bsp.a(alt_main.o)
                                 0x10 (size before relaxing)
 *fill*         0x00005237        0x1 00
 .rodata.str1.4
                0x00005238       0xd9 BSP/\libhal_bsp.a(alt_sys_init.o)
                                0x104 (size before relaxing)
 .rodata.str1.4
                0x00000000       0xd9 BSP/\libhal_bsp.a(altera_up_avalon_video_character_buffer_with_dma.o)
                                 0x1c (size before relaxing)
 *fill*         0x00005311        0x3 00
 .rodata.str1.4
                0x00005314        0xa BSP/\libhal_bsp.a(alt_dev.o)
                                  0xc (size before relaxing)
 *fill*         0x0000531e        0x2 00
 .rodata.str1.4
                0x00005320        0x4 c:/altera/13.0/nios2eds/bin/gnu/h-i686-mingw32/bin/../lib/gcc/nios2-elf/4.1.2/../../../../nios2-elf/lib\libc.a(lib_a-impure.o)
 *(.rodata1)
                0x00005324                . = ALIGN (0x4)
                0x00005324                PROVIDE (__ram_rodata_end, ABSOLUTE (.))
                0x000050fc                PROVIDE (__flash_rodata_start, LOADADDR (.rodata))

.rwdata         0x00005324     0x1ca4 load address 0x00006fc8
                0x00005324                PROVIDE (__ram_rwdata_start, ABSOLUTE (.))
                0x00005324                . = ALIGN (0x4)
 *(.got.plt)
 *(.got)
 *(.data1)
 *(.data .data.* .gnu.linkonce.d.*)
 .data          0x00005324        0x0 BSP//obj/HAL/src/crt0.o
 .data          0x00005324        0x0 obj/default//C/goku/DE2-115_Media_Computer/app_software_HAL/media_graphics_HAL/media_graphics_HAL.o
 .data          0x00005324        0x0 c:/altera/13.0/nios2eds/bin/gnu/h-i686-mingw32/bin/../lib/gcc/nios2-elf/4.1.2/../../../../nios2-elf/lib\libc.a(lib_a-memset.o)
 .data          0x00005324        0x0 BSP/\libhal_bsp.a(alt_load.o)
 .data          0x00005324        0x0 BSP/\libhal_bsp.a(alt_main.o)
 .data          0x00005324        0x0 BSP/\libhal_bsp.a(alt_printf.o)
 .data          0x00005324        0x0 BSP/\libhal_bsp.a(alt_putchar.o)
 .data          0x00005324     0x12bc BSP/\libhal_bsp.a(alt_sys_init.o)
 .data          0x000065e0        0x0 BSP/\libhal_bsp.a(altera_avalon_jtag_uart_fd.o)
 .data          0x000065e0        0x0 BSP/\libhal_bsp.a(altera_avalon_jtag_uart_init.o)
 .data          0x000065e0        0x0 BSP/\libhal_bsp.a(altera_avalon_jtag_uart_ioctl.o)
 .data          0x000065e0        0x0 BSP/\libhal_bsp.a(altera_avalon_jtag_uart_read.o)
 .data          0x000065e0        0x0 BSP/\libhal_bsp.a(altera_avalon_jtag_uart_write.o)
 .data          0x000065e0        0x0 BSP/\libhal_bsp.a(altera_up_avalon_character_lcd.o)
 .data          0x000065e0        0x0 BSP/\libhal_bsp.a(altera_up_avalon_video_character_buffer_with_dma.o)
 .data          0x000065e0        0x0 BSP/\libhal_bsp.a(altera_up_avalon_video_pixel_buffer_dma.o)
 .data          0x000065e0        0x0 BSP/\libhal_bsp.a(alt_alarm_start.o)
 .data          0x000065e0        0x0 BSP/\libhal_bsp.a(alt_close.o)
 .data          0x000065e0        0x0 BSP/\libhal_bsp.a(alt_dcache_flush_all.o)
 .data          0x000065e0      0x1a8 BSP/\libhal_bsp.a(alt_dev.o)
                0x000065e0                alt_dev_null
                0x00006608                alt_fd_list
 .data          0x00006788        0x0 BSP/\libhal_bsp.a(alt_dev_llist_insert.o)
 .data          0x00006788        0x0 BSP/\libhal_bsp.a(alt_errno.o)
 .data          0x00006788        0x0 BSP/\libhal_bsp.a(alt_find_dev.o)
 .data          0x00006788        0x0 BSP/\libhal_bsp.a(alt_icache_flush_all.o)
 .data          0x00006788        0x0 BSP/\libhal_bsp.a(alt_io_redirect.o)
 .data          0x00006788        0x0 BSP/\libhal_bsp.a(alt_irq_register.o)
 .data          0x00006788        0x0 BSP/\libhal_bsp.a(alt_irq_vars.o)
 .data          0x00006788        0x0 BSP/\libhal_bsp.a(alt_open.o)
 .data          0x00006788        0x0 BSP/\libhal_bsp.a(alt_release_fd.o)
 .data          0x00006788        0x0 BSP/\libhal_bsp.a(alt_tick.o)
 .data          0x00006788        0x0 BSP/\libhal_bsp.a(altera_nios2_qsys_irq.o)
 .data          0x00006788        0x0 BSP/\libhal_bsp.a(alt_find_file.o)
 .data          0x00006788        0x0 BSP/\libhal_bsp.a(alt_get_fd.o)
 .data          0x00006788        0x0 BSP/\libhal_bsp.a(alt_icache_flush.o)
 .data          0x00006788        0x0 BSP/\libhal_bsp.a(alt_irq_entry.o)
 .data          0x00006788        0x0 BSP/\libhal_bsp.a(alt_irq_handler.o)
 .data          0x00006788        0x0 BSP/\libhal_bsp.a(alt_exception_entry.o)
 .data          0x00006788        0x0 c:/altera/13.0/nios2eds/bin/gnu/h-i686-mingw32/bin/../lib/gcc/nios2-elf/4.1.2/../../../../nios2-elf/lib\libc.a(lib_a-exit.o)
 .data          0x00006788      0x400 c:/altera/13.0/nios2eds/bin/gnu/h-i686-mingw32/bin/../lib/gcc/nios2-elf/4.1.2/../../../../nios2-elf/lib\libc.a(lib_a-impure.o)
 .data          0x00006b88        0x0 c:/altera/13.0/nios2eds/bin/gnu/h-i686-mingw32/bin/../lib/gcc/nios2-elf/4.1.2/../../../../nios2-elf/lib\libc.a(lib_a-int_errno.o)
 .data          0x00006b88        0x0 c:/altera/13.0/nios2eds/bin/gnu/h-i686-mingw32/bin/../lib/gcc/nios2-elf/4.1.2/../../../../nios2-elf/lib\libc.a(lib_a-memcmp.o)
 .data          0x00006b88        0x0 c:/altera/13.0/nios2eds/bin/gnu/h-i686-mingw32/bin/../lib/gcc/nios2-elf/4.1.2/../../../../nios2-elf/lib\libc.a(lib_a-memcpy.o)
 .data          0x00006b88        0x0 c:/altera/13.0/nios2eds/bin/gnu/h-i686-mingw32/bin/../lib/gcc/nios2-elf/4.1.2/../../../../nios2-elf/lib\libc.a(lib_a-putc.o)
 .data          0x00006b88        0x0 c:/altera/13.0/nios2eds/bin/gnu/h-i686-mingw32/bin/../lib/gcc/nios2-elf/4.1.2/../../../../nios2-elf/lib\libc.a(lib_a-strcmp.o)
 .data          0x00006b88        0x0 c:/altera/13.0/nios2eds/bin/gnu/h-i686-mingw32/bin/../lib/gcc/nios2-elf/4.1.2/../../../../nios2-elf/lib\libc.a(lib_a-strlen.o)
 .data          0x00006b88        0x0 c:/altera/13.0/nios2eds/bin/gnu/h-i686-mingw32/bin/../lib/gcc/nios2-elf/4.1.2/../../../../nios2-elf/lib\libc.a(lib_a-wbuf.o)
 .data          0x00006b88        0x0 c:/altera/13.0/nios2eds/bin/gnu/h-i686-mingw32/bin/../lib/gcc/nios2-elf/4.1.2/../../../../nios2-elf/lib\libc.a(lib_a-wsetup.o)
 .data          0x00006b88        0x0 c:/altera/13.0/nios2eds/bin/gnu/h-i686-mingw32/bin/../lib/gcc/nios2-elf/4.1.2/../../../../nios2-elf/lib\libc.a(lib_a-__call_atexit.o)
 .data          0x00006b88        0x0 c:/altera/13.0/nios2eds/bin/gnu/h-i686-mingw32/bin/../lib/gcc/nios2-elf/4.1.2/../../../../nios2-elf/lib\libc.a(lib_a-fflush.o)
 .data          0x00006b88        0x0 c:/altera/13.0/nios2eds/bin/gnu/h-i686-mingw32/bin/../lib/gcc/nios2-elf/4.1.2/../../../../nios2-elf/lib\libc.a(lib_a-findfp.o)
 .data          0x00006b88        0x0 c:/altera/13.0/nios2eds/bin/gnu/h-i686-mingw32/bin/../lib/gcc/nios2-elf/4.1.2/../../../../nios2-elf/lib\libc.a(lib_a-freer.o)
 .data          0x00006b88        0x0 c:/altera/13.0/nios2eds/bin/gnu/h-i686-mingw32/bin/../lib/gcc/nios2-elf/4.1.2/../../../../nios2-elf/lib\libc.a(lib_a-fwalk.o)
 .data          0x00006b88        0x0 c:/altera/13.0/nios2eds/bin/gnu/h-i686-mingw32/bin/../lib/gcc/nios2-elf/4.1.2/../../../../nios2-elf/lib\libc.a(lib_a-makebuf.o)
 .data          0x00006b88      0x408 c:/altera/13.0/nios2eds/bin/gnu/h-i686-mingw32/bin/../lib/gcc/nios2-elf/4.1.2/../../../../nios2-elf/lib\libc.a(lib_a-mallocr.o)
                0x00006b88                __malloc_av_
 .data          0x00006f90        0x0 c:/altera/13.0/nios2eds/bin/gnu/h-i686-mingw32/bin/../lib/gcc/nios2-elf/4.1.2/../../../../nios2-elf/lib\libc.a(lib_a-sbrkr.o)
 .data          0x00006f90        0x0 c:/altera/13.0/nios2eds/bin/gnu/h-i686-mingw32/bin/../lib/gcc/nios2-elf/4.1.2/../../../../nios2-elf/lib\libc.a(lib_a-stdio.o)
 .data          0x00006f90        0x0 c:/altera/13.0/nios2eds/bin/gnu/h-i686-mingw32/bin/../lib/gcc/nios2-elf/4.1.2/../../../../nios2-elf/lib\libc.a(lib_a-writer.o)
 .data          0x00006f90        0x0 c:/altera/13.0/nios2eds/bin/gnu/h-i686-mingw32/bin/../lib/gcc/nios2-elf/4.1.2/../../../../nios2-elf/lib\libc.a(lib_a-closer.o)
 .data          0x00006f90        0x0 c:/altera/13.0/nios2eds/bin/gnu/h-i686-mingw32/bin/../lib/gcc/nios2-elf/4.1.2/../../../../nios2-elf/lib\libc.a(lib_a-fclose.o)
 .data          0x00006f90        0x0 c:/altera/13.0/nios2eds/bin/gnu/h-i686-mingw32/bin/../lib/gcc/nios2-elf/4.1.2/../../../../nios2-elf/lib\libc.a(lib_a-fstatr.o)
 .data          0x00006f90        0x0 c:/altera/13.0/nios2eds/bin/gnu/h-i686-mingw32/bin/../lib/gcc/nios2-elf/4.1.2/../../../../nios2-elf/lib\libc.a(lib_a-isattyr.o)
 .data          0x00006f90        0x0 c:/altera/13.0/nios2eds/bin/gnu/h-i686-mingw32/bin/../lib/gcc/nios2-elf/4.1.2/../../../../nios2-elf/lib\libc.a(lib_a-lseekr.o)
 .data          0x00006f90        0x0 c:/altera/13.0/nios2eds/bin/gnu/h-i686-mingw32/bin/../lib/gcc/nios2-elf/4.1.2/../../../../nios2-elf/lib\libc.a(lib_a-readr.o)
 .data          0x00006f90        0x0 BSP/\libhal_bsp.a(alt_exit.o)
 .data          0x00006f90        0x0 BSP/\libhal_bsp.a(alt_fstat.o)
 .data          0x00006f90        0x0 BSP/\libhal_bsp.a(alt_isatty.o)
 .data          0x00006f90        0x0 BSP/\libhal_bsp.a(alt_lseek.o)
 .data          0x00006f90        0x0 BSP/\libhal_bsp.a(alt_malloc_lock.o)
 .data          0x00006f90        0x0 BSP/\libhal_bsp.a(alt_read.o)
 .data          0x00006f90        0x0 BSP/\libhal_bsp.a(alt_sbrk.o)
 .data          0x00006f90        0x0 BSP/\libhal_bsp.a(alt_write.o)
                0x0000ef90                _gp = ABSOLUTE ((. + 0x8000))
                0x0000ef90                PROVIDE (gp, _gp)
 *(.rwdata .rwdata.*)
 *(.sdata .sdata.* .gnu.linkonce.s.*)
 .sdata         0x00006f90       0x14 BSP/\libhal_bsp.a(alt_dev.o)
                0x00006f90                alt_fs_list
                0x00006f98                alt_dev_list
                0x00006fa0                alt_max_fd
 .sdata         0x00006fa4        0x4 BSP/\libhal_bsp.a(alt_errno.o)
                0x00006fa4                alt_errno
 .sdata         0x00006fa8        0x4 BSP/\libhal_bsp.a(alt_irq_vars.o)
                0x00006fa8                alt_priority_mask
 .sdata         0x00006fac        0x8 BSP/\libhal_bsp.a(alt_tick.o)
                0x00006fac                alt_alarm_list
 .sdata         0x00006fb4        0x8 c:/altera/13.0/nios2eds/bin/gnu/h-i686-mingw32/bin/../lib/gcc/nios2-elf/4.1.2/../../../../nios2-elf/lib\libc.a(lib_a-impure.o)
                0x00006fb4                _impure_ptr
                0x00006fb8                _global_impure_ptr
 .sdata         0x00006fbc        0x8 c:/altera/13.0/nios2eds/bin/gnu/h-i686-mingw32/bin/../lib/gcc/nios2-elf/4.1.2/../../../../nios2-elf/lib\libc.a(lib_a-mallocr.o)
                0x00006fbc                __malloc_trim_threshold
                0x00006fc0                __malloc_sbrk_base
 .sdata         0x00006fc4        0x4 BSP/\libhal_bsp.a(alt_sbrk.o)
 *(.sdata2 .sdata2.* .gnu.linkonce.s2.*)
                0x00006fc8                . = ALIGN (0x4)
                0x00006fc8                _edata = ABSOLUTE (.)
                0x00006fc8                PROVIDE (edata, ABSOLUTE (.))
                0x00006fc8                PROVIDE (__ram_rwdata_end, ABSOLUTE (.))
                0x00006fc8                PROVIDE (__flash_rwdata_start, LOADADDR (.rwdata))

.bss            0x00008c6c      0x150
                0x00008c6c                __bss_start = ABSOLUTE (.)
                0x00008c6c                PROVIDE (__sbss_start, ABSOLUTE (.))
                0x00008c6c                PROVIDE (___sbss_start, ABSOLUTE (.))
 *(.dynsbss)
 *(.sbss .sbss.* .gnu.linkonce.sb.*)
 .sbss          0x00008c6c        0xc BSP/\libhal_bsp.a(alt_main.o)
                0x00008c6c                alt_argc
                0x00008c70                alt_argv
                0x00008c74                alt_envp
 .sbss          0x00008c78        0x4 BSP/\libhal_bsp.a(alt_irq_vars.o)
                0x00008c78                alt_irq_active
 .sbss          0x00008c7c        0x8 BSP/\libhal_bsp.a(alt_tick.o)
                0x00008c7c                _alt_tick_rate
                0x00008c80                _alt_nticks
 .sbss          0x00008c84        0x4 c:/altera/13.0/nios2eds/bin/gnu/h-i686-mingw32/bin/../lib/gcc/nios2-elf/4.1.2/../../../../nios2-elf/lib\libc.a(lib_a-int_errno.o)
                0x00008c84                errno
 .sbss          0x00008c88        0xc c:/altera/13.0/nios2eds/bin/gnu/h-i686-mingw32/bin/../lib/gcc/nios2-elf/4.1.2/../../../../nios2-elf/lib\libc.a(lib_a-mallocr.o)
                0x00008c88                __malloc_top_pad
                0x00008c8c                __malloc_max_sbrked_mem
                0x00008c90                __malloc_max_total_mem
 *(.sbss2 .sbss2.* .gnu.linkonce.sb2.*)
 *(.scommon)
                0x00008c94                PROVIDE (__sbss_end, ABSOLUTE (.))
                0x00008c94                PROVIDE (___sbss_end, ABSOLUTE (.))
 *(.dynbss)
 *(.bss .bss.* .gnu.linkonce.b.*)
 .bss           0x00008c94        0x0 BSP//obj/HAL/src/crt0.o
 .bss           0x00008c94        0x0 obj/default//C/goku/DE2-115_Media_Computer/app_software_HAL/media_graphics_HAL/media_graphics_HAL.o
 .bss           0x00008c94        0x0 c:/altera/13.0/nios2eds/bin/gnu/h-i686-mingw32/bin/../lib/gcc/nios2-elf/4.1.2/../../../../nios2-elf/lib\libc.a(lib_a-memset.o)
 .bss           0x00008c94        0x0 BSP/\libhal_bsp.a(alt_load.o)
 .bss           0x00008c94        0x0 BSP/\libhal_bsp.a(alt_main.o)
 .bss           0x00008c94        0x0 BSP/\libhal_bsp.a(alt_printf.o)
 .bss           0x00008c94        0x0 BSP/\libhal_bsp.a(alt_putchar.o)
 .bss           0x00008c94        0x0 BSP/\libhal_bsp.a(alt_sys_init.o)
 .bss           0x00008c94        0x0 BSP/\libhal_bsp.a(altera_avalon_jtag_uart_fd.o)
 .bss           0x00008c94        0x0 BSP/\libhal_bsp.a(altera_avalon_jtag_uart_init.o)
 .bss           0x00008c94        0x0 BSP/\libhal_bsp.a(altera_avalon_jtag_uart_ioctl.o)
 .bss           0x00008c94        0x0 BSP/\libhal_bsp.a(altera_avalon_jtag_uart_read.o)
 .bss           0x00008c94        0x0 BSP/\libhal_bsp.a(altera_avalon_jtag_uart_write.o)
 .bss           0x00008c94        0x0 BSP/\libhal_bsp.a(altera_up_avalon_character_lcd.o)
 .bss           0x00008c94        0x0 BSP/\libhal_bsp.a(altera_up_avalon_video_character_buffer_with_dma.o)
 .bss           0x00008c94        0x0 BSP/\libhal_bsp.a(altera_up_avalon_video_pixel_buffer_dma.o)
 .bss           0x00008c94        0x0 BSP/\libhal_bsp.a(alt_alarm_start.o)
 .bss           0x00008c94        0x0 BSP/\libhal_bsp.a(alt_close.o)
 .bss           0x00008c94        0x0 BSP/\libhal_bsp.a(alt_dcache_flush_all.o)
 .bss           0x00008c94        0x0 BSP/\libhal_bsp.a(alt_dev.o)
 .bss           0x00008c94        0x0 BSP/\libhal_bsp.a(alt_dev_llist_insert.o)
 .bss           0x00008c94        0x0 BSP/\libhal_bsp.a(alt_errno.o)
 .bss           0x00008c94        0x0 BSP/\libhal_bsp.a(alt_find_dev.o)
 .bss           0x00008c94        0x0 BSP/\libhal_bsp.a(alt_icache_flush_all.o)
 .bss           0x00008c94        0x0 BSP/\libhal_bsp.a(alt_io_redirect.o)
 .bss           0x00008c94        0x0 BSP/\libhal_bsp.a(alt_irq_register.o)
 .bss           0x00008c94        0x0 BSP/\libhal_bsp.a(alt_irq_vars.o)
 .bss           0x00008c94        0x0 BSP/\libhal_bsp.a(alt_open.o)
 .bss           0x00008c94        0x0 BSP/\libhal_bsp.a(alt_release_fd.o)
 .bss           0x00008c94        0x0 BSP/\libhal_bsp.a(alt_tick.o)
 .bss           0x00008c94        0x0 BSP/\libhal_bsp.a(altera_nios2_qsys_irq.o)
 .bss           0x00008c94        0x0 BSP/\libhal_bsp.a(alt_find_file.o)
 .bss           0x00008c94        0x0 BSP/\libhal_bsp.a(alt_get_fd.o)
 .bss           0x00008c94        0x0 BSP/\libhal_bsp.a(alt_icache_flush.o)
 .bss           0x00008c94        0x0 BSP/\libhal_bsp.a(alt_irq_entry.o)
 .bss           0x00008c94        0x0 BSP/\libhal_bsp.a(alt_irq_handler.o)
 .bss           0x00008c94        0x0 BSP/\libhal_bsp.a(alt_exception_entry.o)
 .bss           0x00008c94        0x0 c:/altera/13.0/nios2eds/bin/gnu/h-i686-mingw32/bin/../lib/gcc/nios2-elf/4.1.2/../../../../nios2-elf/lib\libc.a(lib_a-exit.o)
 .bss           0x00008c94        0x0 c:/altera/13.0/nios2eds/bin/gnu/h-i686-mingw32/bin/../lib/gcc/nios2-elf/4.1.2/../../../../nios2-elf/lib\libc.a(lib_a-impure.o)
 .bss           0x00008c94        0x0 c:/altera/13.0/nios2eds/bin/gnu/h-i686-mingw32/bin/../lib/gcc/nios2-elf/4.1.2/../../../../nios2-elf/lib\libc.a(lib_a-int_errno.o)
 .bss           0x00008c94        0x0 c:/altera/13.0/nios2eds/bin/gnu/h-i686-mingw32/bin/../lib/gcc/nios2-elf/4.1.2/../../../../nios2-elf/lib\libc.a(lib_a-memcmp.o)
 .bss           0x00008c94        0x0 c:/altera/13.0/nios2eds/bin/gnu/h-i686-mingw32/bin/../lib/gcc/nios2-elf/4.1.2/../../../../nios2-elf/lib\libc.a(lib_a-memcpy.o)
 .bss           0x00008c94        0x0 c:/altera/13.0/nios2eds/bin/gnu/h-i686-mingw32/bin/../lib/gcc/nios2-elf/4.1.2/../../../../nios2-elf/lib\libc.a(lib_a-putc.o)
 .bss           0x00008c94        0x0 c:/altera/13.0/nios2eds/bin/gnu/h-i686-mingw32/bin/../lib/gcc/nios2-elf/4.1.2/../../../../nios2-elf/lib\libc.a(lib_a-strcmp.o)
 .bss           0x00008c94        0x0 c:/altera/13.0/nios2eds/bin/gnu/h-i686-mingw32/bin/../lib/gcc/nios2-elf/4.1.2/../../../../nios2-elf/lib\libc.a(lib_a-strlen.o)
 .bss           0x00008c94        0x0 c:/altera/13.0/nios2eds/bin/gnu/h-i686-mingw32/bin/../lib/gcc/nios2-elf/4.1.2/../../../../nios2-elf/lib\libc.a(lib_a-wbuf.o)
 .bss           0x00008c94        0x0 c:/altera/13.0/nios2eds/bin/gnu/h-i686-mingw32/bin/../lib/gcc/nios2-elf/4.1.2/../../../../nios2-elf/lib\libc.a(lib_a-wsetup.o)
 .bss           0x00008c94        0x0 c:/altera/13.0/nios2eds/bin/gnu/h-i686-mingw32/bin/../lib/gcc/nios2-elf/4.1.2/../../../../nios2-elf/lib\libc.a(lib_a-__call_atexit.o)
 .bss           0x00008c94        0x0 c:/altera/13.0/nios2eds/bin/gnu/h-i686-mingw32/bin/../lib/gcc/nios2-elf/4.1.2/../../../../nios2-elf/lib\libc.a(lib_a-fflush.o)
 .bss           0x00008c94        0x0 c:/altera/13.0/nios2eds/bin/gnu/h-i686-mingw32/bin/../lib/gcc/nios2-elf/4.1.2/../../../../nios2-elf/lib\libc.a(lib_a-findfp.o)
 .bss           0x00008c94        0x0 c:/altera/13.0/nios2eds/bin/gnu/h-i686-mingw32/bin/../lib/gcc/nios2-elf/4.1.2/../../../../nios2-elf/lib\libc.a(lib_a-freer.o)
 .bss           0x00008c94        0x0 c:/altera/13.0/nios2eds/bin/gnu/h-i686-mingw32/bin/../lib/gcc/nios2-elf/4.1.2/../../../../nios2-elf/lib\libc.a(lib_a-fwalk.o)
 .bss           0x00008c94        0x0 c:/altera/13.0/nios2eds/bin/gnu/h-i686-mingw32/bin/../lib/gcc/nios2-elf/4.1.2/../../../../nios2-elf/lib\libc.a(lib_a-makebuf.o)
 .bss           0x00008c94       0x28 c:/altera/13.0/nios2eds/bin/gnu/h-i686-mingw32/bin/../lib/gcc/nios2-elf/4.1.2/../../../../nios2-elf/lib\libc.a(lib_a-mallocr.o)
                0x00008c94                __malloc_current_mallinfo
 .bss           0x00008cbc        0x0 c:/altera/13.0/nios2eds/bin/gnu/h-i686-mingw32/bin/../lib/gcc/nios2-elf/4.1.2/../../../../nios2-elf/lib\libc.a(lib_a-sbrkr.o)
 .bss           0x00008cbc        0x0 c:/altera/13.0/nios2eds/bin/gnu/h-i686-mingw32/bin/../lib/gcc/nios2-elf/4.1.2/../../../../nios2-elf/lib\libc.a(lib_a-stdio.o)
 .bss           0x00008cbc        0x0 c:/altera/13.0/nios2eds/bin/gnu/h-i686-mingw32/bin/../lib/gcc/nios2-elf/4.1.2/../../../../nios2-elf/lib\libc.a(lib_a-writer.o)
 .bss           0x00008cbc        0x0 c:/altera/13.0/nios2eds/bin/gnu/h-i686-mingw32/bin/../lib/gcc/nios2-elf/4.1.2/../../../../nios2-elf/lib\libc.a(lib_a-closer.o)
 .bss           0x00008cbc        0x0 c:/altera/13.0/nios2eds/bin/gnu/h-i686-mingw32/bin/../lib/gcc/nios2-elf/4.1.2/../../../../nios2-elf/lib\libc.a(lib_a-fclose.o)
 .bss           0x00008cbc        0x0 c:/altera/13.0/nios2eds/bin/gnu/h-i686-mingw32/bin/../lib/gcc/nios2-elf/4.1.2/../../../../nios2-elf/lib\libc.a(lib_a-fstatr.o)
 .bss           0x00008cbc        0x0 c:/altera/13.0/nios2eds/bin/gnu/h-i686-mingw32/bin/../lib/gcc/nios2-elf/4.1.2/../../../../nios2-elf/lib\libc.a(lib_a-isattyr.o)
 .bss           0x00008cbc        0x0 c:/altera/13.0/nios2eds/bin/gnu/h-i686-mingw32/bin/../lib/gcc/nios2-elf/4.1.2/../../../../nios2-elf/lib\libc.a(lib_a-lseekr.o)
 .bss           0x00008cbc        0x0 c:/altera/13.0/nios2eds/bin/gnu/h-i686-mingw32/bin/../lib/gcc/nios2-elf/4.1.2/../../../../nios2-elf/lib\libc.a(lib_a-readr.o)
 .bss           0x00008cbc        0x0 BSP/\libhal_bsp.a(alt_exit.o)
 .bss           0x00008cbc        0x0 BSP/\libhal_bsp.a(alt_fstat.o)
 .bss           0x00008cbc        0x0 BSP/\libhal_bsp.a(alt_isatty.o)
 .bss           0x00008cbc        0x0 BSP/\libhal_bsp.a(alt_lseek.o)
 .bss           0x00008cbc        0x0 BSP/\libhal_bsp.a(alt_malloc_lock.o)
 .bss           0x00008cbc        0x0 BSP/\libhal_bsp.a(alt_read.o)
 .bss           0x00008cbc        0x0 BSP/\libhal_bsp.a(alt_sbrk.o)
 .bss           0x00008cbc        0x0 BSP/\libhal_bsp.a(alt_write.o)
 *(COMMON)
 COMMON         0x00008cbc      0x100 BSP/\libhal_bsp.a(alt_irq_handler.o)
                0x00008cbc                alt_irq
                0x00008dbc                . = ALIGN (0x4)
                0x00008dbc                __bss_end = ABSOLUTE (.)

.SDRAM          0x00008dbc        0x0
                0x00008dbc                PROVIDE (_alt_partition_SDRAM_start, ABSOLUTE (.))
 *(.SDRAM. SDRAM.*)
                0x00008dbc                . = ALIGN (0x4)
                0x00008dbc                PROVIDE (_alt_partition_SDRAM_end, ABSOLUTE (.))
                0x00008dbc                _end = ABSOLUTE (.)
                0x00008dbc                end = ABSOLUTE (.)
                0x00008dbc                __alt_stack_base = ABSOLUTE (.)
                0x00008dbc                PROVIDE (_alt_partition_SDRAM_load_addr, LOADADDR (.SDRAM))

.Flash_flash_data
                0x09800000        0x0 load address 0x00008dbc
                0x09800000                PROVIDE (_alt_partition_Flash_flash_data_start, ABSOLUTE (.))
 *(.Flash_flash_data. Flash_flash_data.*)
                0x09800000                . = ALIGN (0x4)
                0x09800000                PROVIDE (_alt_partition_Flash_flash_data_end, ABSOLUTE (.))
                0x00008dbc                PROVIDE (_alt_partition_Flash_flash_data_load_addr, LOADADDR (.Flash_flash_data))

.stab
 *(.stab)

.stabstr
 *(.stabstr)

.stab.excl
 *(.stab.excl)

.stab.exclstr
 *(.stab.exclstr)

.stab.index
 *(.stab.index)

.stab.indexstr
 *(.stab.indexstr)

.comment        0x00000000       0x23
 *(.comment)
 .comment       0x00000000       0x23 obj/default//C/goku/DE2-115_Media_Computer/app_software_HAL/media_graphics_HAL/media_graphics_HAL.o
                                 0x24 (size before relaxing)
 .comment       0x00000000       0x24 c:/altera/13.0/nios2eds/bin/gnu/h-i686-mingw32/bin/../lib/gcc/nios2-elf/4.1.2/../../../../nios2-elf/lib\libc.a(lib_a-memset.o)
 .comment       0x00000000       0x24 BSP/\libhal_bsp.a(alt_load.o)
 .comment       0x00000000       0x24 BSP/\libhal_bsp.a(alt_main.o)
 .comment       0x00000000       0x24 BSP/\libhal_bsp.a(alt_printf.o)
 .comment       0x00000000       0x24 BSP/\libhal_bsp.a(alt_putchar.o)
 .comment       0x00000000       0x24 BSP/\libhal_bsp.a(alt_sys_init.o)
 .comment       0x00000000       0x24 BSP/\libhal_bsp.a(altera_avalon_jtag_uart_fd.o)
 .comment       0x00000000       0x24 BSP/\libhal_bsp.a(altera_avalon_jtag_uart_init.o)
 .comment       0x00000000       0x24 BSP/\libhal_bsp.a(altera_avalon_jtag_uart_ioctl.o)
 .comment       0x00000000       0x24 BSP/\libhal_bsp.a(altera_avalon_jtag_uart_read.o)
 .comment       0x00000000       0x24 BSP/\libhal_bsp.a(altera_avalon_jtag_uart_write.o)
 .comment       0x00000000       0x24 BSP/\libhal_bsp.a(altera_up_avalon_character_lcd.o)
 .comment       0x00000000       0x24 BSP/\libhal_bsp.a(altera_up_avalon_video_character_buffer_with_dma.o)
 .comment       0x00000000       0x24 BSP/\libhal_bsp.a(altera_up_avalon_video_pixel_buffer_dma.o)
 .comment       0x00000000       0x24 BSP/\libhal_bsp.a(alt_alarm_start.o)
 .comment       0x00000000       0x24 BSP/\libhal_bsp.a(alt_close.o)
 .comment       0x00000000       0x24 BSP/\libhal_bsp.a(alt_dcache_flush_all.o)
 .comment       0x00000000       0x24 BSP/\libhal_bsp.a(alt_dev.o)
 .comment       0x00000000       0x24 BSP/\libhal_bsp.a(alt_dev_llist_insert.o)
 .comment       0x00000000       0x24 BSP/\libhal_bsp.a(alt_errno.o)
 .comment       0x00000000       0x24 BSP/\libhal_bsp.a(alt_find_dev.o)
 .comment       0x00000000       0x24 BSP/\libhal_bsp.a(alt_icache_flush_all.o)
 .comment       0x00000000       0x24 BSP/\libhal_bsp.a(alt_io_redirect.o)
 .comment       0x00000000       0x24 BSP/\libhal_bsp.a(alt_irq_register.o)
 .comment       0x00000000       0x24 BSP/\libhal_bsp.a(alt_irq_vars.o)
 .comment       0x00000000       0x24 BSP/\libhal_bsp.a(alt_open.o)
 .comment       0x00000000       0x24 BSP/\libhal_bsp.a(alt_release_fd.o)
 .comment       0x00000000       0x24 BSP/\libhal_bsp.a(alt_tick.o)
 .comment       0x00000000       0x24 BSP/\libhal_bsp.a(altera_nios2_qsys_irq.o)
 .comment       0x00000000       0x24 BSP/\libhal_bsp.a(alt_find_file.o)
 .comment       0x00000000       0x24 BSP/\libhal_bsp.a(alt_get_fd.o)
 .comment       0x00000000       0x24 BSP/\libhal_bsp.a(alt_icache_flush.o)
 .comment       0x00000000       0x24 BSP/\libhal_bsp.a(alt_irq_handler.o)
 .comment       0x00000000       0x24 c:/altera/13.0/nios2eds/bin/gnu/h-i686-mingw32/bin/../lib/gcc/nios2-elf/4.1.2/../../../../nios2-elf/lib\libc.a(lib_a-exit.o)
 .comment       0x00000000       0x24 c:/altera/13.0/nios2eds/bin/gnu/h-i686-mingw32/bin/../lib/gcc/nios2-elf/4.1.2/../../../../nios2-elf/lib\libc.a(lib_a-impure.o)
 .comment       0x00000000       0x24 c:/altera/13.0/nios2eds/bin/gnu/h-i686-mingw32/bin/../lib/gcc/nios2-elf/4.1.2/../../../../nios2-elf/lib\libc.a(lib_a-int_errno.o)
 .comment       0x00000000       0x24 c:/altera/13.0/nios2eds/bin/gnu/h-i686-mingw32/bin/../lib/gcc/nios2-elf/4.1.2/../../../../nios2-elf/lib\libc.a(lib_a-memcmp.o)
 .comment       0x00000000       0x24 c:/altera/13.0/nios2eds/bin/gnu/h-i686-mingw32/bin/../lib/gcc/nios2-elf/4.1.2/../../../../nios2-elf/lib\libc.a(lib_a-memcpy.o)
 .comment       0x00000000       0x24 c:/altera/13.0/nios2eds/bin/gnu/h-i686-mingw32/bin/../lib/gcc/nios2-elf/4.1.2/../../../../nios2-elf/lib\libc.a(lib_a-putc.o)
 .comment       0x00000000       0x24 c:/altera/13.0/nios2eds/bin/gnu/h-i686-mingw32/bin/../lib/gcc/nios2-elf/4.1.2/../../../../nios2-elf/lib\libc.a(lib_a-strcmp.o)
 .comment       0x00000000       0x24 c:/altera/13.0/nios2eds/bin/gnu/h-i686-mingw32/bin/../lib/gcc/nios2-elf/4.1.2/../../../../nios2-elf/lib\libc.a(lib_a-strlen.o)
 .comment       0x00000000       0x24 c:/altera/13.0/nios2eds/bin/gnu/h-i686-mingw32/bin/../lib/gcc/nios2-elf/4.1.2/../../../../nios2-elf/lib\libc.a(lib_a-wbuf.o)
 .comment       0x00000000       0x24 c:/altera/13.0/nios2eds/bin/gnu/h-i686-mingw32/bin/../lib/gcc/nios2-elf/4.1.2/../../../../nios2-elf/lib\libc.a(lib_a-wsetup.o)
 .comment       0x00000000       0x24 c:/altera/13.0/nios2eds/bin/gnu/h-i686-mingw32/bin/../lib/gcc/nios2-elf/4.1.2/../../../../nios2-elf/lib\libc.a(lib_a-__call_atexit.o)
 .comment       0x00000000       0x24 c:/altera/13.0/nios2eds/bin/gnu/h-i686-mingw32/bin/../lib/gcc/nios2-elf/4.1.2/../../../../nios2-elf/lib\libc.a(lib_a-fflush.o)
 .comment       0x00000000       0x24 c:/altera/13.0/nios2eds/bin/gnu/h-i686-mingw32/bin/../lib/gcc/nios2-elf/4.1.2/../../../../nios2-elf/lib\libc.a(lib_a-findfp.o)
 .comment       0x00000000       0x24 c:/altera/13.0/nios2eds/bin/gnu/h-i686-mingw32/bin/../lib/gcc/nios2-elf/4.1.2/../../../../nios2-elf/lib\libc.a(lib_a-freer.o)
 .comment       0x00000000       0x24 c:/altera/13.0/nios2eds/bin/gnu/h-i686-mingw32/bin/../lib/gcc/nios2-elf/4.1.2/../../../../nios2-elf/lib\libc.a(lib_a-fwalk.o)
 .comment       0x00000000       0x24 c:/altera/13.0/nios2eds/bin/gnu/h-i686-mingw32/bin/../lib/gcc/nios2-elf/4.1.2/../../../../nios2-elf/lib\libc.a(lib_a-makebuf.o)
 .comment       0x00000000       0x24 c:/altera/13.0/nios2eds/bin/gnu/h-i686-mingw32/bin/../lib/gcc/nios2-elf/4.1.2/../../../../nios2-elf/lib\libc.a(lib_a-mallocr.o)
 .comment       0x00000000       0x24 c:/altera/13.0/nios2eds/bin/gnu/h-i686-mingw32/bin/../lib/gcc/nios2-elf/4.1.2/../../../../nios2-elf/lib\libc.a(lib_a-sbrkr.o)
 .comment       0x00000000       0x24 c:/altera/13.0/nios2eds/bin/gnu/h-i686-mingw32/bin/../lib/gcc/nios2-elf/4.1.2/../../../../nios2-elf/lib\libc.a(lib_a-stdio.o)
 .comment       0x00000000       0x24 c:/altera/13.0/nios2eds/bin/gnu/h-i686-mingw32/bin/../lib/gcc/nios2-elf/4.1.2/../../../../nios2-elf/lib\libc.a(lib_a-writer.o)
 .comment       0x00000000       0x24 c:/altera/13.0/nios2eds/bin/gnu/h-i686-mingw32/bin/../lib/gcc/nios2-elf/4.1.2/../../../../nios2-elf/lib\libc.a(lib_a-closer.o)
 .comment       0x00000000       0x24 c:/altera/13.0/nios2eds/bin/gnu/h-i686-mingw32/bin/../lib/gcc/nios2-elf/4.1.2/../../../../nios2-elf/lib\libc.a(lib_a-fclose.o)
 .comment       0x00000000       0x24 c:/altera/13.0/nios2eds/bin/gnu/h-i686-mingw32/bin/../lib/gcc/nios2-elf/4.1.2/../../../../nios2-elf/lib\libc.a(lib_a-fstatr.o)
 .comment       0x00000000       0x24 c:/altera/13.0/nios2eds/bin/gnu/h-i686-mingw32/bin/../lib/gcc/nios2-elf/4.1.2/../../../../nios2-elf/lib\libc.a(lib_a-isattyr.o)
 .comment       0x00000000       0x24 c:/altera/13.0/nios2eds/bin/gnu/h-i686-mingw32/bin/../lib/gcc/nios2-elf/4.1.2/../../../../nios2-elf/lib\libc.a(lib_a-lseekr.o)
 .comment       0x00000000       0x24 c:/altera/13.0/nios2eds/bin/gnu/h-i686-mingw32/bin/../lib/gcc/nios2-elf/4.1.2/../../../../nios2-elf/lib\libc.a(lib_a-readr.o)
 .comment       0x00000000       0x24 BSP/\libhal_bsp.a(alt_exit.o)
 .comment       0x00000000       0x24 BSP/\libhal_bsp.a(alt_fstat.o)
 .comment       0x00000000       0x24 BSP/\libhal_bsp.a(alt_isatty.o)
 .comment       0x00000000       0x24 BSP/\libhal_bsp.a(alt_lseek.o)
 .comment       0x00000000       0x24 BSP/\libhal_bsp.a(alt_malloc_lock.o)
 .comment       0x00000000       0x24 BSP/\libhal_bsp.a(alt_read.o)
 .comment       0x00000000       0x24 BSP/\libhal_bsp.a(alt_sbrk.o)
 .comment       0x00000000       0x24 BSP/\libhal_bsp.a(alt_write.o)

.debug
 *(.debug)

.line
 *(.line)

.debug_srcinfo
 *(.debug_srcinfo)

.debug_sfnames
 *(.debug_sfnames)

.debug_aranges  0x00000000      0x898
 *(.debug_aranges)
 .debug_aranges
                0x00000000       0x28 BSP//obj/HAL/src/crt0.o
 .debug_aranges
                0x00000028       0x20 obj/default//C/goku/DE2-115_Media_Computer/app_software_HAL/media_graphics_HAL/media_graphics_HAL.o
 .debug_aranges
                0x00000048       0x20 c:/altera/13.0/nios2eds/bin/gnu/h-i686-mingw32/bin/../lib/gcc/nios2-elf/4.1.2/../../../../nios2-elf/lib\libc.a(lib_a-memset.o)
 .debug_aranges
                0x00000068       0x20 BSP/\libhal_bsp.a(alt_load.o)
 .debug_aranges
                0x00000088       0x20 BSP/\libhal_bsp.a(alt_main.o)
 .debug_aranges
                0x000000a8       0x20 BSP/\libhal_bsp.a(alt_printf.o)
 .debug_aranges
                0x000000c8       0x20 BSP/\libhal_bsp.a(alt_putchar.o)
 .debug_aranges
                0x000000e8       0x20 BSP/\libhal_bsp.a(alt_sys_init.o)
 .debug_aranges
                0x00000108       0x20 BSP/\libhal_bsp.a(altera_avalon_jtag_uart_fd.o)
 .debug_aranges
                0x00000128       0x20 BSP/\libhal_bsp.a(altera_avalon_jtag_uart_init.o)
 .debug_aranges
                0x00000148       0x20 BSP/\libhal_bsp.a(altera_avalon_jtag_uart_ioctl.o)
 .debug_aranges
                0x00000168       0x20 BSP/\libhal_bsp.a(altera_avalon_jtag_uart_read.o)
 .debug_aranges
                0x00000188       0x20 BSP/\libhal_bsp.a(altera_avalon_jtag_uart_write.o)
 .debug_aranges
                0x000001a8       0x20 BSP/\libhal_bsp.a(altera_up_avalon_character_lcd.o)
 .debug_aranges
                0x000001c8       0x20 BSP/\libhal_bsp.a(altera_up_avalon_video_character_buffer_with_dma.o)
 .debug_aranges
                0x000001e8       0x20 BSP/\libhal_bsp.a(altera_up_avalon_video_pixel_buffer_dma.o)
 .debug_aranges
                0x00000208       0x20 BSP/\libhal_bsp.a(alt_alarm_start.o)
 .debug_aranges
                0x00000228       0x20 BSP/\libhal_bsp.a(alt_close.o)
 .debug_aranges
                0x00000248       0x20 BSP/\libhal_bsp.a(alt_dcache_flush_all.o)
 .debug_aranges
                0x00000268       0x20 BSP/\libhal_bsp.a(alt_dev.o)
 .debug_aranges
                0x00000288       0x20 BSP/\libhal_bsp.a(alt_dev_llist_insert.o)
 .debug_aranges
                0x000002a8       0x20 BSP/\libhal_bsp.a(alt_find_dev.o)
 .debug_aranges
                0x000002c8       0x20 BSP/\libhal_bsp.a(alt_icache_flush_all.o)
 .debug_aranges
                0x000002e8       0x20 BSP/\libhal_bsp.a(alt_io_redirect.o)
 .debug_aranges
                0x00000308       0x20 BSP/\libhal_bsp.a(alt_irq_register.o)
 .debug_aranges
                0x00000328       0x20 BSP/\libhal_bsp.a(alt_open.o)
 .debug_aranges
                0x00000348       0x20 BSP/\libhal_bsp.a(alt_release_fd.o)
 .debug_aranges
                0x00000368       0x20 BSP/\libhal_bsp.a(alt_tick.o)
 .debug_aranges
                0x00000388       0x20 BSP/\libhal_bsp.a(altera_nios2_qsys_irq.o)
 .debug_aranges
                0x000003a8       0x20 BSP/\libhal_bsp.a(alt_find_file.o)
 .debug_aranges
                0x000003c8       0x20 BSP/\libhal_bsp.a(alt_get_fd.o)
 .debug_aranges
                0x000003e8       0x20 BSP/\libhal_bsp.a(alt_icache_flush.o)
 .debug_aranges
                0x00000408       0x30 BSP/\libhal_bsp.a(alt_irq_entry.o)
 .debug_aranges
                0x00000438       0x28 BSP/\libhal_bsp.a(alt_irq_handler.o)
 .debug_aranges
                0x00000460       0x38 BSP/\libhal_bsp.a(alt_exception_entry.o)
 .debug_aranges
                0x00000498       0x20 c:/altera/13.0/nios2eds/bin/gnu/h-i686-mingw32/bin/../lib/gcc/nios2-elf/4.1.2/../../../../nios2-elf/lib\libc.a(lib_a-exit.o)
 .debug_aranges
                0x000004b8       0x20 c:/altera/13.0/nios2eds/bin/gnu/h-i686-mingw32/bin/../lib/gcc/nios2-elf/4.1.2/../../../../nios2-elf/lib\libc.a(lib_a-memcmp.o)
 .debug_aranges
                0x000004d8       0x20 c:/altera/13.0/nios2eds/bin/gnu/h-i686-mingw32/bin/../lib/gcc/nios2-elf/4.1.2/../../../../nios2-elf/lib\libc.a(lib_a-memcpy.o)
 .debug_aranges
                0x000004f8       0x20 c:/altera/13.0/nios2eds/bin/gnu/h-i686-mingw32/bin/../lib/gcc/nios2-elf/4.1.2/../../../../nios2-elf/lib\libc.a(lib_a-putc.o)
 .debug_aranges
                0x00000518       0x20 c:/altera/13.0/nios2eds/bin/gnu/h-i686-mingw32/bin/../lib/gcc/nios2-elf/4.1.2/../../../../nios2-elf/lib\libc.a(lib_a-strcmp.o)
 .debug_aranges
                0x00000538       0x20 c:/altera/13.0/nios2eds/bin/gnu/h-i686-mingw32/bin/../lib/gcc/nios2-elf/4.1.2/../../../../nios2-elf/lib\libc.a(lib_a-strlen.o)
 .debug_aranges
                0x00000558       0x20 c:/altera/13.0/nios2eds/bin/gnu/h-i686-mingw32/bin/../lib/gcc/nios2-elf/4.1.2/../../../../nios2-elf/lib\libc.a(lib_a-wbuf.o)
 .debug_aranges
                0x00000578       0x20 c:/altera/13.0/nios2eds/bin/gnu/h-i686-mingw32/bin/../lib/gcc/nios2-elf/4.1.2/../../../../nios2-elf/lib\libc.a(lib_a-wsetup.o)
 .debug_aranges
                0x00000598       0x20 c:/altera/13.0/nios2eds/bin/gnu/h-i686-mingw32/bin/../lib/gcc/nios2-elf/4.1.2/../../../../nios2-elf/lib\libc.a(lib_a-__call_atexit.o)
 .debug_aranges
                0x000005b8       0x20 c:/altera/13.0/nios2eds/bin/gnu/h-i686-mingw32/bin/../lib/gcc/nios2-elf/4.1.2/../../../../nios2-elf/lib\libc.a(lib_a-fflush.o)
 .debug_aranges
                0x000005d8       0x20 c:/altera/13.0/nios2eds/bin/gnu/h-i686-mingw32/bin/../lib/gcc/nios2-elf/4.1.2/../../../../nios2-elf/lib\libc.a(lib_a-findfp.o)
 .debug_aranges
                0x000005f8       0x20 c:/altera/13.0/nios2eds/bin/gnu/h-i686-mingw32/bin/../lib/gcc/nios2-elf/4.1.2/../../../../nios2-elf/lib\libc.a(lib_a-freer.o)
 .debug_aranges
                0x00000618       0x20 c:/altera/13.0/nios2eds/bin/gnu/h-i686-mingw32/bin/../lib/gcc/nios2-elf/4.1.2/../../../../nios2-elf/lib\libc.a(lib_a-fwalk.o)
 .debug_aranges
                0x00000638       0x20 c:/altera/13.0/nios2eds/bin/gnu/h-i686-mingw32/bin/../lib/gcc/nios2-elf/4.1.2/../../../../nios2-elf/lib\libc.a(lib_a-makebuf.o)
 .debug_aranges
                0x00000658       0x20 c:/altera/13.0/nios2eds/bin/gnu/h-i686-mingw32/bin/../lib/gcc/nios2-elf/4.1.2/../../../../nios2-elf/lib\libc.a(lib_a-mallocr.o)
 .debug_aranges
                0x00000678       0x20 c:/altera/13.0/nios2eds/bin/gnu/h-i686-mingw32/bin/../lib/gcc/nios2-elf/4.1.2/../../../../nios2-elf/lib\libc.a(lib_a-sbrkr.o)
 .debug_aranges
                0x00000698       0x20 c:/altera/13.0/nios2eds/bin/gnu/h-i686-mingw32/bin/../lib/gcc/nios2-elf/4.1.2/../../../../nios2-elf/lib\libc.a(lib_a-stdio.o)
 .debug_aranges
                0x000006b8       0x20 c:/altera/13.0/nios2eds/bin/gnu/h-i686-mingw32/bin/../lib/gcc/nios2-elf/4.1.2/../../../../nios2-elf/lib\libc.a(lib_a-writer.o)
 .debug_aranges
                0x000006d8       0x20 c:/altera/13.0/nios2eds/bin/gnu/h-i686-mingw32/bin/../lib/gcc/nios2-elf/4.1.2/../../../../nios2-elf/lib\libc.a(lib_a-closer.o)
 .debug_aranges
                0x000006f8       0x20 c:/altera/13.0/nios2eds/bin/gnu/h-i686-mingw32/bin/../lib/gcc/nios2-elf/4.1.2/../../../../nios2-elf/lib\libc.a(lib_a-fclose.o)
 .debug_aranges
                0x00000718       0x20 c:/altera/13.0/nios2eds/bin/gnu/h-i686-mingw32/bin/../lib/gcc/nios2-elf/4.1.2/../../../../nios2-elf/lib\libc.a(lib_a-fstatr.o)
 .debug_aranges
                0x00000738       0x20 c:/altera/13.0/nios2eds/bin/gnu/h-i686-mingw32/bin/../lib/gcc/nios2-elf/4.1.2/../../../../nios2-elf/lib\libc.a(lib_a-isattyr.o)
 .debug_aranges
                0x00000758       0x20 c:/altera/13.0/nios2eds/bin/gnu/h-i686-mingw32/bin/../lib/gcc/nios2-elf/4.1.2/../../../../nios2-elf/lib\libc.a(lib_a-lseekr.o)
 .debug_aranges
                0x00000778       0x20 c:/altera/13.0/nios2eds/bin/gnu/h-i686-mingw32/bin/../lib/gcc/nios2-elf/4.1.2/../../../../nios2-elf/lib\libc.a(lib_a-readr.o)
 .debug_aranges
                0x00000798       0x20 BSP/\libhal_bsp.a(alt_exit.o)
 .debug_aranges
                0x000007b8       0x20 BSP/\libhal_bsp.a(alt_fstat.o)
 .debug_aranges
                0x000007d8       0x20 BSP/\libhal_bsp.a(alt_isatty.o)
 .debug_aranges
                0x000007f8       0x20 BSP/\libhal_bsp.a(alt_lseek.o)
 .debug_aranges
                0x00000818       0x20 BSP/\libhal_bsp.a(alt_malloc_lock.o)
 .debug_aranges
                0x00000838       0x20 BSP/\libhal_bsp.a(alt_read.o)
 .debug_aranges
                0x00000858       0x20 BSP/\libhal_bsp.a(alt_sbrk.o)
 .debug_aranges
                0x00000878       0x20 BSP/\libhal_bsp.a(alt_write.o)

.debug_pubnames
                0x00000000     0x109b
 *(.debug_pubnames)
 .debug_pubnames
                0x00000000       0x2a obj/default//C/goku/DE2-115_Media_Computer/app_software_HAL/media_graphics_HAL/media_graphics_HAL.o
 .debug_pubnames
                0x0000002a       0x1d c:/altera/13.0/nios2eds/bin/gnu/h-i686-mingw32/bin/../lib/gcc/nios2-elf/4.1.2/../../../../nios2-elf/lib\libc.a(lib_a-memset.o)
 .debug_pubnames
                0x00000047       0x1f BSP/\libhal_bsp.a(alt_load.o)
 .debug_pubnames
                0x00000066       0x46 BSP/\libhal_bsp.a(alt_main.o)
 .debug_pubnames
                0x000000ac       0x21 BSP/\libhal_bsp.a(alt_printf.o)
 .debug_pubnames
                0x000000cd       0x22 BSP/\libhal_bsp.a(alt_putchar.o)
 .debug_pubnames
                0x000000ef       0x34 BSP/\libhal_bsp.a(alt_sys_init.o)
 .debug_pubnames
                0x00000123       0xa5 BSP/\libhal_bsp.a(altera_avalon_jtag_uart_fd.o)
 .debug_pubnames
                0x000001c8       0x55 BSP/\libhal_bsp.a(altera_avalon_jtag_uart_init.o)
 .debug_pubnames
                0x0000021d       0x34 BSP/\libhal_bsp.a(altera_avalon_jtag_uart_ioctl.o)
 .debug_pubnames
                0x00000251       0x33 BSP/\libhal_bsp.a(altera_avalon_jtag_uart_read.o)
 .debug_pubnames
                0x00000284       0x34 BSP/\libhal_bsp.a(altera_avalon_jtag_uart_write.o)
 .debug_pubnames
                0x000002b8      0x1cd BSP/\libhal_bsp.a(altera_up_avalon_character_lcd.o)
 .debug_pubnames
                0x00000485       0xa5 BSP/\libhal_bsp.a(altera_up_avalon_video_character_buffer_with_dma.o)
 .debug_pubnames
                0x0000052a      0x1f1 BSP/\libhal_bsp.a(altera_up_avalon_video_pixel_buffer_dma.o)
 .debug_pubnames
                0x0000071b       0x26 BSP/\libhal_bsp.a(alt_alarm_start.o)
 .debug_pubnames
                0x00000741       0x1c BSP/\libhal_bsp.a(alt_close.o)
 .debug_pubnames
                0x0000075d       0x2b BSP/\libhal_bsp.a(alt_dcache_flush_all.o)
 .debug_pubnames
                0x00000788       0x63 BSP/\libhal_bsp.a(alt_dev.o)
 .debug_pubnames
                0x000007eb       0x2b BSP/\libhal_bsp.a(alt_dev_llist_insert.o)
 .debug_pubnames
                0x00000816       0x20 BSP/\libhal_bsp.a(alt_errno.o)
 .debug_pubnames
                0x00000836       0x23 BSP/\libhal_bsp.a(alt_find_dev.o)
 .debug_pubnames
                0x00000859       0x2b BSP/\libhal_bsp.a(alt_icache_flush_all.o)
 .debug_pubnames
                0x00000884       0x26 BSP/\libhal_bsp.a(alt_io_redirect.o)
 .debug_pubnames
                0x000008aa       0x27 BSP/\libhal_bsp.a(alt_irq_register.o)
 .debug_pubnames
                0x000008d1       0x3b BSP/\libhal_bsp.a(alt_irq_vars.o)
 .debug_pubnames
                0x0000090c       0x1b BSP/\libhal_bsp.a(alt_open.o)
 .debug_pubnames
                0x00000927       0x25 BSP/\libhal_bsp.a(alt_release_fd.o)
 .debug_pubnames
                0x0000094c       0x68 BSP/\libhal_bsp.a(alt_tick.o)
 .debug_pubnames
                0x000009b4       0x31 BSP/\libhal_bsp.a(altera_nios2_qsys_irq.o)
 .debug_pubnames
                0x000009e5       0x24 BSP/\libhal_bsp.a(alt_find_file.o)
 .debug_pubnames
                0x00000a09       0x21 BSP/\libhal_bsp.a(alt_get_fd.o)
 .debug_pubnames
                0x00000a2a       0x27 BSP/\libhal_bsp.a(alt_icache_flush.o)
 .debug_pubnames
                0x00000a51       0x32 BSP/\libhal_bsp.a(alt_irq_handler.o)
 .debug_pubnames
                0x00000a83       0x1b c:/altera/13.0/nios2eds/bin/gnu/h-i686-mingw32/bin/../lib/gcc/nios2-elf/4.1.2/../../../../nios2-elf/lib\libc.a(lib_a-exit.o)
 .debug_pubnames
                0x00000a9e       0x39 c:/altera/13.0/nios2eds/bin/gnu/h-i686-mingw32/bin/../lib/gcc/nios2-elf/4.1.2/../../../../nios2-elf/lib\libc.a(lib_a-impure.o)
 .debug_pubnames
                0x00000ad7       0x1c c:/altera/13.0/nios2eds/bin/gnu/h-i686-mingw32/bin/../lib/gcc/nios2-elf/4.1.2/../../../../nios2-elf/lib\libc.a(lib_a-int_errno.o)
 .debug_pubnames
                0x00000af3       0x1d c:/altera/13.0/nios2eds/bin/gnu/h-i686-mingw32/bin/../lib/gcc/nios2-elf/4.1.2/../../../../nios2-elf/lib\libc.a(lib_a-memcmp.o)
 .debug_pubnames
                0x00000b10       0x1d c:/altera/13.0/nios2eds/bin/gnu/h-i686-mingw32/bin/../lib/gcc/nios2-elf/4.1.2/../../../../nios2-elf/lib\libc.a(lib_a-memcpy.o)
 .debug_pubnames
                0x00000b2d       0x27 c:/altera/13.0/nios2eds/bin/gnu/h-i686-mingw32/bin/../lib/gcc/nios2-elf/4.1.2/../../../../nios2-elf/lib\libc.a(lib_a-putc.o)
 .debug_pubnames
                0x00000b54       0x1d c:/altera/13.0/nios2eds/bin/gnu/h-i686-mingw32/bin/../lib/gcc/nios2-elf/4.1.2/../../../../nios2-elf/lib\libc.a(lib_a-strcmp.o)
 .debug_pubnames
                0x00000b71       0x1d c:/altera/13.0/nios2eds/bin/gnu/h-i686-mingw32/bin/../lib/gcc/nios2-elf/4.1.2/../../../../nios2-elf/lib\libc.a(lib_a-strlen.o)
 .debug_pubnames
                0x00000b8e       0x2c c:/altera/13.0/nios2eds/bin/gnu/h-i686-mingw32/bin/../lib/gcc/nios2-elf/4.1.2/../../../../nios2-elf/lib\libc.a(lib_a-wbuf.o)
 .debug_pubnames
                0x00000bba       0x22 c:/altera/13.0/nios2eds/bin/gnu/h-i686-mingw32/bin/../lib/gcc/nios2-elf/4.1.2/../../../../nios2-elf/lib\libc.a(lib_a-wsetup.o)
 .debug_pubnames
                0x00000bdc       0x27 c:/altera/13.0/nios2eds/bin/gnu/h-i686-mingw32/bin/../lib/gcc/nios2-elf/4.1.2/../../../../nios2-elf/lib\libc.a(lib_a-__call_atexit.o)
 .debug_pubnames
                0x00000c03       0x2b c:/altera/13.0/nios2eds/bin/gnu/h-i686-mingw32/bin/../lib/gcc/nios2-elf/4.1.2/../../../../nios2-elf/lib\libc.a(lib_a-fflush.o)
 .debug_pubnames
                0x00000c2e       0xdb c:/altera/13.0/nios2eds/bin/gnu/h-i686-mingw32/bin/../lib/gcc/nios2-elf/4.1.2/../../../../nios2-elf/lib\libc.a(lib_a-findfp.o)
 .debug_pubnames
                0x00000d09       0x31 c:/altera/13.0/nios2eds/bin/gnu/h-i686-mingw32/bin/../lib/gcc/nios2-elf/4.1.2/../../../../nios2-elf/lib\libc.a(lib_a-freer.o)
 .debug_pubnames
                0x00000d3a       0x2e c:/altera/13.0/nios2eds/bin/gnu/h-i686-mingw32/bin/../lib/gcc/nios2-elf/4.1.2/../../../../nios2-elf/lib\libc.a(lib_a-fwalk.o)
 .debug_pubnames
                0x00000d68       0x23 c:/altera/13.0/nios2eds/bin/gnu/h-i686-mingw32/bin/../lib/gcc/nios2-elf/4.1.2/../../../../nios2-elf/lib\libc.a(lib_a-makebuf.o)
 .debug_pubnames
                0x00000d8b       0xce c:/altera/13.0/nios2eds/bin/gnu/h-i686-mingw32/bin/../lib/gcc/nios2-elf/4.1.2/../../../../nios2-elf/lib\libc.a(lib_a-mallocr.o)
 .debug_pubnames
                0x00000e59       0x1e c:/altera/13.0/nios2eds/bin/gnu/h-i686-mingw32/bin/../lib/gcc/nios2-elf/4.1.2/../../../../nios2-elf/lib\libc.a(lib_a-sbrkr.o)
 .debug_pubnames
                0x00000e77       0x44 c:/altera/13.0/nios2eds/bin/gnu/h-i686-mingw32/bin/../lib/gcc/nios2-elf/4.1.2/../../../../nios2-elf/lib\libc.a(lib_a-stdio.o)
 .debug_pubnames
                0x00000ebb       0x1f c:/altera/13.0/nios2eds/bin/gnu/h-i686-mingw32/bin/../lib/gcc/nios2-elf/4.1.2/../../../../nios2-elf/lib\libc.a(lib_a-writer.o)
 .debug_pubnames
                0x00000eda       0x1f c:/altera/13.0/nios2eds/bin/gnu/h-i686-mingw32/bin/../lib/gcc/nios2-elf/4.1.2/../../../../nios2-elf/lib\libc.a(lib_a-closer.o)
 .debug_pubnames
                0x00000ef9       0x2b c:/altera/13.0/nios2eds/bin/gnu/h-i686-mingw32/bin/../lib/gcc/nios2-elf/4.1.2/../../../../nios2-elf/lib\libc.a(lib_a-fclose.o)
 .debug_pubnames
                0x00000f24       0x1f c:/altera/13.0/nios2eds/bin/gnu/h-i686-mingw32/bin/../lib/gcc/nios2-elf/4.1.2/../../../../nios2-elf/lib\libc.a(lib_a-fstatr.o)
 .debug_pubnames
                0x00000f43       0x20 c:/altera/13.0/nios2eds/bin/gnu/h-i686-mingw32/bin/../lib/gcc/nios2-elf/4.1.2/../../../../nios2-elf/lib\libc.a(lib_a-isattyr.o)
 .debug_pubnames
                0x00000f63       0x1f c:/altera/13.0/nios2eds/bin/gnu/h-i686-mingw32/bin/../lib/gcc/nios2-elf/4.1.2/../../../../nios2-elf/lib\libc.a(lib_a-lseekr.o)
 .debug_pubnames
                0x00000f82       0x1e c:/altera/13.0/nios2eds/bin/gnu/h-i686-mingw32/bin/../lib/gcc/nios2-elf/4.1.2/../../../../nios2-elf/lib\libc.a(lib_a-readr.o)
 .debug_pubnames
                0x00000fa0       0x1c BSP/\libhal_bsp.a(alt_exit.o)
 .debug_pubnames
                0x00000fbc       0x1c BSP/\libhal_bsp.a(alt_fstat.o)
 .debug_pubnames
                0x00000fd8       0x1d BSP/\libhal_bsp.a(alt_isatty.o)
 .debug_pubnames
                0x00000ff5       0x1c BSP/\libhal_bsp.a(alt_lseek.o)
 .debug_pubnames
                0x00001011       0x38 BSP/\libhal_bsp.a(alt_malloc_lock.o)
 .debug_pubnames
                0x00001049       0x1b BSP/\libhal_bsp.a(alt_read.o)
 .debug_pubnames
                0x00001064       0x1b BSP/\libhal_bsp.a(alt_sbrk.o)
 .debug_pubnames
                0x0000107f       0x1c BSP/\libhal_bsp.a(alt_write.o)

.debug_info     0x00000000    0x172d1
 *(.debug_info .gnu.linkonce.wi.*)
 .debug_info    0x00000000       0x78 BSP//obj/HAL/src/crt0.o
 .debug_info    0x00000078      0x52e obj/default//C/goku/DE2-115_Media_Computer/app_software_HAL/media_graphics_HAL/media_graphics_HAL.o
 .debug_info    0x000005a6      0x113 c:/altera/13.0/nios2eds/bin/gnu/h-i686-mingw32/bin/../lib/gcc/nios2-elf/4.1.2/../../../../nios2-elf/lib\libc.a(lib_a-memset.o)
 .debug_info    0x000006b9      0x1a1 BSP/\libhal_bsp.a(alt_load.o)
 .debug_info    0x0000085a      0x161 BSP/\libhal_bsp.a(alt_main.o)
 .debug_info    0x000009bb      0x11d BSP/\libhal_bsp.a(alt_printf.o)
 .debug_info    0x00000ad8      0x93c BSP/\libhal_bsp.a(alt_putchar.o)
 .debug_info    0x00001414      0x9dc BSP/\libhal_bsp.a(alt_sys_init.o)
 .debug_info    0x00001df0      0x584 BSP/\libhal_bsp.a(altera_avalon_jtag_uart_fd.o)
 .debug_info    0x00002374      0x3dd BSP/\libhal_bsp.a(altera_avalon_jtag_uart_init.o)
 .debug_info    0x00002751      0x2a3 BSP/\libhal_bsp.a(altera_avalon_jtag_uart_ioctl.o)
 .debug_info    0x000029f4      0x38b BSP/\libhal_bsp.a(altera_avalon_jtag_uart_read.o)
 .debug_info    0x00002d7f      0x378 BSP/\libhal_bsp.a(altera_avalon_jtag_uart_write.o)
 .debug_info    0x000030f7      0x653 BSP/\libhal_bsp.a(altera_up_avalon_character_lcd.o)
 .debug_info    0x0000374a      0x4a0 BSP/\libhal_bsp.a(altera_up_avalon_video_character_buffer_with_dma.o)
 .debug_info    0x00003bea      0xb54 BSP/\libhal_bsp.a(altera_up_avalon_video_pixel_buffer_dma.o)
 .debug_info    0x0000473e      0x2e0 BSP/\libhal_bsp.a(alt_alarm_start.o)
 .debug_info    0x00004a1e      0x364 BSP/\libhal_bsp.a(alt_close.o)
 .debug_info    0x00004d82       0x8d BSP/\libhal_bsp.a(alt_dcache_flush_all.o)
 .debug_info    0x00004e0f      0x4dd BSP/\libhal_bsp.a(alt_dev.o)
 .debug_info    0x000052ec      0x1b7 BSP/\libhal_bsp.a(alt_dev_llist_insert.o)
 .debug_info    0x000054a3       0xab BSP/\libhal_bsp.a(alt_errno.o)
 .debug_info    0x0000554e      0x310 BSP/\libhal_bsp.a(alt_find_dev.o)
 .debug_info    0x0000585e       0x8f BSP/\libhal_bsp.a(alt_icache_flush_all.o)
 .debug_info    0x000058ed      0x4f6 BSP/\libhal_bsp.a(alt_io_redirect.o)
 .debug_info    0x00005de3      0x318 BSP/\libhal_bsp.a(alt_irq_register.o)
 .debug_info    0x000060fb       0x92 BSP/\libhal_bsp.a(alt_irq_vars.o)
 .debug_info    0x0000618d      0x40c BSP/\libhal_bsp.a(alt_open.o)
 .debug_info    0x00006599      0x2d9 BSP/\libhal_bsp.a(alt_release_fd.o)
 .debug_info    0x00006872      0x2bb BSP/\libhal_bsp.a(alt_tick.o)
 .debug_info    0x00006b2d       0xb7 BSP/\libhal_bsp.a(altera_nios2_qsys_irq.o)
 .debug_info    0x00006be4      0x30e BSP/\libhal_bsp.a(alt_find_file.o)
 .debug_info    0x00006ef2      0x333 BSP/\libhal_bsp.a(alt_get_fd.o)
 .debug_info    0x00007225       0xd5 BSP/\libhal_bsp.a(alt_icache_flush.o)
 .debug_info    0x000072fa       0x81 BSP/\libhal_bsp.a(alt_irq_entry.o)
 .debug_info    0x0000737b      0x18f BSP/\libhal_bsp.a(alt_irq_handler.o)
 .debug_info    0x0000750a       0x87 BSP/\libhal_bsp.a(alt_exception_entry.o)
 .debug_info    0x00007591      0x93f c:/altera/13.0/nios2eds/bin/gnu/h-i686-mingw32/bin/../lib/gcc/nios2-elf/4.1.2/../../../../nios2-elf/lib\libc.a(lib_a-exit.o)
 .debug_info    0x00007ed0      0x93d c:/altera/13.0/nios2eds/bin/gnu/h-i686-mingw32/bin/../lib/gcc/nios2-elf/4.1.2/../../../../nios2-elf/lib\libc.a(lib_a-impure.o)
 .debug_info    0x0000880d       0x8c c:/altera/13.0/nios2eds/bin/gnu/h-i686-mingw32/bin/../lib/gcc/nios2-elf/4.1.2/../../../../nios2-elf/lib\libc.a(lib_a-int_errno.o)
 .debug_info    0x00008899      0x115 c:/altera/13.0/nios2eds/bin/gnu/h-i686-mingw32/bin/../lib/gcc/nios2-elf/4.1.2/../../../../nios2-elf/lib\libc.a(lib_a-memcmp.o)
 .debug_info    0x000089ae      0x106 c:/altera/13.0/nios2eds/bin/gnu/h-i686-mingw32/bin/../lib/gcc/nios2-elf/4.1.2/../../../../nios2-elf/lib\libc.a(lib_a-memcpy.o)
 .debug_info    0x00008ab4      0x9c1 c:/altera/13.0/nios2eds/bin/gnu/h-i686-mingw32/bin/../lib/gcc/nios2-elf/4.1.2/../../../../nios2-elf/lib\libc.a(lib_a-putc.o)
 .debug_info    0x00009475       0xdd c:/altera/13.0/nios2eds/bin/gnu/h-i686-mingw32/bin/../lib/gcc/nios2-elf/4.1.2/../../../../nios2-elf/lib\libc.a(lib_a-strcmp.o)
 .debug_info    0x00009552       0xdb c:/altera/13.0/nios2eds/bin/gnu/h-i686-mingw32/bin/../lib/gcc/nios2-elf/4.1.2/../../../../nios2-elf/lib\libc.a(lib_a-strlen.o)
 .debug_info    0x0000962d      0x9ae c:/altera/13.0/nios2eds/bin/gnu/h-i686-mingw32/bin/../lib/gcc/nios2-elf/4.1.2/../../../../nios2-elf/lib\libc.a(lib_a-wbuf.o)
 .debug_info    0x00009fdb      0x95d c:/altera/13.0/nios2eds/bin/gnu/h-i686-mingw32/bin/../lib/gcc/nios2-elf/4.1.2/../../../../nios2-elf/lib\libc.a(lib_a-wsetup.o)
 .debug_info    0x0000a938      0x9e2 c:/altera/13.0/nios2eds/bin/gnu/h-i686-mingw32/bin/../lib/gcc/nios2-elf/4.1.2/../../../../nios2-elf/lib\libc.a(lib_a-__call_atexit.o)
 .debug_info    0x0000b31a      0x9fe c:/altera/13.0/nios2eds/bin/gnu/h-i686-mingw32/bin/../lib/gcc/nios2-elf/4.1.2/../../../../nios2-elf/lib\libc.a(lib_a-fflush.o)
 .debug_info    0x0000bd18      0xb72 c:/altera/13.0/nios2eds/bin/gnu/h-i686-mingw32/bin/../lib/gcc/nios2-elf/4.1.2/../../../../nios2-elf/lib\libc.a(lib_a-findfp.o)
 .debug_info    0x0000c88a      0xbc9 c:/altera/13.0/nios2eds/bin/gnu/h-i686-mingw32/bin/../lib/gcc/nios2-elf/4.1.2/../../../../nios2-elf/lib\libc.a(lib_a-freer.o)
 .debug_info    0x0000d453      0xaed c:/altera/13.0/nios2eds/bin/gnu/h-i686-mingw32/bin/../lib/gcc/nios2-elf/4.1.2/../../../../nios2-elf/lib\libc.a(lib_a-fwalk.o)
 .debug_info    0x0000df40      0xb1a c:/altera/13.0/nios2eds/bin/gnu/h-i686-mingw32/bin/../lib/gcc/nios2-elf/4.1.2/../../../../nios2-elf/lib\libc.a(lib_a-makebuf.o)
 .debug_info    0x0000ea5a      0xcd0 c:/altera/13.0/nios2eds/bin/gnu/h-i686-mingw32/bin/../lib/gcc/nios2-elf/4.1.2/../../../../nios2-elf/lib\libc.a(lib_a-mallocr.o)
 .debug_info    0x0000f72a      0x962 c:/altera/13.0/nios2eds/bin/gnu/h-i686-mingw32/bin/../lib/gcc/nios2-elf/4.1.2/../../../../nios2-elf/lib\libc.a(lib_a-sbrkr.o)
 .debug_info    0x0001008c      0xaac c:/altera/13.0/nios2eds/bin/gnu/h-i686-mingw32/bin/../lib/gcc/nios2-elf/4.1.2/../../../../nios2-elf/lib\libc.a(lib_a-stdio.o)
 .debug_info    0x00010b38      0x993 c:/altera/13.0/nios2eds/bin/gnu/h-i686-mingw32/bin/../lib/gcc/nios2-elf/4.1.2/../../../../nios2-elf/lib\libc.a(lib_a-writer.o)
 .debug_info    0x000114cb      0x958 c:/altera/13.0/nios2eds/bin/gnu/h-i686-mingw32/bin/../lib/gcc/nios2-elf/4.1.2/../../../../nios2-elf/lib\libc.a(lib_a-closer.o)
 .debug_info    0x00011e23      0x994 c:/altera/13.0/nios2eds/bin/gnu/h-i686-mingw32/bin/../lib/gcc/nios2-elf/4.1.2/../../../../nios2-elf/lib\libc.a(lib_a-fclose.o)
 .debug_info    0x000127b7      0xafc c:/altera/13.0/nios2eds/bin/gnu/h-i686-mingw32/bin/../lib/gcc/nios2-elf/4.1.2/../../../../nios2-elf/lib\libc.a(lib_a-fstatr.o)
 .debug_info    0x000132b3      0x958 c:/altera/13.0/nios2eds/bin/gnu/h-i686-mingw32/bin/../lib/gcc/nios2-elf/4.1.2/../../../../nios2-elf/lib\libc.a(lib_a-isattyr.o)
 .debug_info    0x00013c0b      0x981 c:/altera/13.0/nios2eds/bin/gnu/h-i686-mingw32/bin/../lib/gcc/nios2-elf/4.1.2/../../../../nios2-elf/lib\libc.a(lib_a-lseekr.o)
 .debug_info    0x0001458c      0x98c c:/altera/13.0/nios2eds/bin/gnu/h-i686-mingw32/bin/../lib/gcc/nios2-elf/4.1.2/../../../../nios2-elf/lib\libc.a(lib_a-readr.o)
 .debug_info    0x00014f18      0x110 BSP/\libhal_bsp.a(alt_exit.o)
 .debug_info    0x00015028      0x4dd BSP/\libhal_bsp.a(alt_fstat.o)
 .debug_info    0x00015505      0x4dd BSP/\libhal_bsp.a(alt_isatty.o)
 .debug_info    0x000159e2      0x388 BSP/\libhal_bsp.a(alt_lseek.o)
 .debug_info    0x00015d6a      0x947 BSP/\libhal_bsp.a(alt_malloc_lock.o)
 .debug_info    0x000166b1      0x525 BSP/\libhal_bsp.a(alt_read.o)
 .debug_info    0x00016bd6      0x1cf BSP/\libhal_bsp.a(alt_sbrk.o)
 .debug_info    0x00016da5      0x52c BSP/\libhal_bsp.a(alt_write.o)

.debug_abbrev   0x00000000     0x52d4
 *(.debug_abbrev)
 .debug_abbrev  0x00000000       0x12 BSP//obj/HAL/src/crt0.o
 .debug_abbrev  0x00000012      0x125 obj/default//C/goku/DE2-115_Media_Computer/app_software_HAL/media_graphics_HAL/media_graphics_HAL.o
 .debug_abbrev  0x00000137       0xb8 c:/altera/13.0/nios2eds/bin/gnu/h-i686-mingw32/bin/../lib/gcc/nios2-elf/4.1.2/../../../../nios2-elf/lib\libc.a(lib_a-memset.o)
 .debug_abbrev  0x000001ef       0xb6 BSP/\libhal_bsp.a(alt_load.o)
 .debug_abbrev  0x000002a5       0xbe BSP/\libhal_bsp.a(alt_main.o)
 .debug_abbrev  0x00000363       0xc7 BSP/\libhal_bsp.a(alt_printf.o)
 .debug_abbrev  0x0000042a      0x170 BSP/\libhal_bsp.a(alt_putchar.o)
 .debug_abbrev  0x0000059a      0x1a9 BSP/\libhal_bsp.a(alt_sys_init.o)
 .debug_abbrev  0x00000743      0x113 BSP/\libhal_bsp.a(altera_avalon_jtag_uart_fd.o)
 .debug_abbrev  0x00000856      0x198 BSP/\libhal_bsp.a(altera_avalon_jtag_uart_init.o)
 .debug_abbrev  0x000009ee      0x10c BSP/\libhal_bsp.a(altera_avalon_jtag_uart_ioctl.o)
 .debug_abbrev  0x00000afa      0x194 BSP/\libhal_bsp.a(altera_avalon_jtag_uart_read.o)
 .debug_abbrev  0x00000c8e      0x18c BSP/\libhal_bsp.a(altera_avalon_jtag_uart_write.o)
 .debug_abbrev  0x00000e1a      0x182 BSP/\libhal_bsp.a(altera_up_avalon_character_lcd.o)
 .debug_abbrev  0x00000f9c      0x164 BSP/\libhal_bsp.a(altera_up_avalon_video_character_buffer_with_dma.o)
 .debug_abbrev  0x00001100      0x23a BSP/\libhal_bsp.a(altera_up_avalon_video_pixel_buffer_dma.o)
 .debug_abbrev  0x0000133a      0x179 BSP/\libhal_bsp.a(alt_alarm_start.o)
 .debug_abbrev  0x000014b3      0x124 BSP/\libhal_bsp.a(alt_close.o)
 .debug_abbrev  0x000015d7       0x3f BSP/\libhal_bsp.a(alt_dcache_flush_all.o)
 .debug_abbrev  0x00001616       0xd6 BSP/\libhal_bsp.a(alt_dev.o)
 .debug_abbrev  0x000016ec      0x117 BSP/\libhal_bsp.a(alt_dev_llist_insert.o)
 .debug_abbrev  0x00001803       0x5e BSP/\libhal_bsp.a(alt_errno.o)
 .debug_abbrev  0x00001861       0xed BSP/\libhal_bsp.a(alt_find_dev.o)
 .debug_abbrev  0x0000194e       0x3f BSP/\libhal_bsp.a(alt_icache_flush_all.o)
 .debug_abbrev  0x0000198d      0x10e BSP/\libhal_bsp.a(alt_io_redirect.o)
 .debug_abbrev  0x00001a9b      0x1a8 BSP/\libhal_bsp.a(alt_irq_register.o)
 .debug_abbrev  0x00001c43       0x44 BSP/\libhal_bsp.a(alt_irq_vars.o)
 .debug_abbrev  0x00001c87      0x177 BSP/\libhal_bsp.a(alt_open.o)
 .debug_abbrev  0x00001dfe       0xdb BSP/\libhal_bsp.a(alt_release_fd.o)
 .debug_abbrev  0x00001ed9      0x170 BSP/\libhal_bsp.a(alt_tick.o)
 .debug_abbrev  0x00002049       0x64 BSP/\libhal_bsp.a(altera_nios2_qsys_irq.o)
 .debug_abbrev  0x000020ad       0xed BSP/\libhal_bsp.a(alt_find_file.o)
 .debug_abbrev  0x0000219a      0x108 BSP/\libhal_bsp.a(alt_get_fd.o)
 .debug_abbrev  0x000022a2       0x89 BSP/\libhal_bsp.a(alt_icache_flush.o)
 .debug_abbrev  0x0000232b       0x12 BSP/\libhal_bsp.a(alt_irq_entry.o)
 .debug_abbrev  0x0000233d      0x12f BSP/\libhal_bsp.a(alt_irq_handler.o)
 .debug_abbrev  0x0000246c       0x12 BSP/\libhal_bsp.a(alt_exception_entry.o)
 .debug_abbrev  0x0000247e      0x16e c:/altera/13.0/nios2eds/bin/gnu/h-i686-mingw32/bin/../lib/gcc/nios2-elf/4.1.2/../../../../nios2-elf/lib\libc.a(lib_a-exit.o)
 .debug_abbrev  0x000025ec      0x157 c:/altera/13.0/nios2eds/bin/gnu/h-i686-mingw32/bin/../lib/gcc/nios2-elf/4.1.2/../../../../nios2-elf/lib\libc.a(lib_a-impure.o)
 .debug_abbrev  0x00002743       0x3b c:/altera/13.0/nios2eds/bin/gnu/h-i686-mingw32/bin/../lib/gcc/nios2-elf/4.1.2/../../../../nios2-elf/lib\libc.a(lib_a-int_errno.o)
 .debug_abbrev  0x0000277e       0x7c c:/altera/13.0/nios2eds/bin/gnu/h-i686-mingw32/bin/../lib/gcc/nios2-elf/4.1.2/../../../../nios2-elf/lib\libc.a(lib_a-memcmp.o)
 .debug_abbrev  0x000027fa       0xb5 c:/altera/13.0/nios2eds/bin/gnu/h-i686-mingw32/bin/../lib/gcc/nios2-elf/4.1.2/../../../../nios2-elf/lib\libc.a(lib_a-memcpy.o)
 .debug_abbrev  0x000028af      0x17f c:/altera/13.0/nios2eds/bin/gnu/h-i686-mingw32/bin/../lib/gcc/nios2-elf/4.1.2/../../../../nios2-elf/lib\libc.a(lib_a-putc.o)
 .debug_abbrev  0x00002a2e       0x80 c:/altera/13.0/nios2eds/bin/gnu/h-i686-mingw32/bin/../lib/gcc/nios2-elf/4.1.2/../../../../nios2-elf/lib\libc.a(lib_a-strcmp.o)
 .debug_abbrev  0x00002aae       0x8b c:/altera/13.0/nios2eds/bin/gnu/h-i686-mingw32/bin/../lib/gcc/nios2-elf/4.1.2/../../../../nios2-elf/lib\libc.a(lib_a-strlen.o)
 .debug_abbrev  0x00002b39      0x198 c:/altera/13.0/nios2eds/bin/gnu/h-i686-mingw32/bin/../lib/gcc/nios2-elf/4.1.2/../../../../nios2-elf/lib\libc.a(lib_a-wbuf.o)
 .debug_abbrev  0x00002cd1      0x170 c:/altera/13.0/nios2eds/bin/gnu/h-i686-mingw32/bin/../lib/gcc/nios2-elf/4.1.2/../../../../nios2-elf/lib\libc.a(lib_a-wsetup.o)
 .debug_abbrev  0x00002e41      0x1de c:/altera/13.0/nios2eds/bin/gnu/h-i686-mingw32/bin/../lib/gcc/nios2-elf/4.1.2/../../../../nios2-elf/lib\libc.a(lib_a-__call_atexit.o)
 .debug_abbrev  0x0000301f      0x1c6 c:/altera/13.0/nios2eds/bin/gnu/h-i686-mingw32/bin/../lib/gcc/nios2-elf/4.1.2/../../../../nios2-elf/lib\libc.a(lib_a-fflush.o)
 .debug_abbrev  0x000031e5      0x24c c:/altera/13.0/nios2eds/bin/gnu/h-i686-mingw32/bin/../lib/gcc/nios2-elf/4.1.2/../../../../nios2-elf/lib\libc.a(lib_a-findfp.o)
 .debug_abbrev  0x00003431      0x1d9 c:/altera/13.0/nios2eds/bin/gnu/h-i686-mingw32/bin/../lib/gcc/nios2-elf/4.1.2/../../../../nios2-elf/lib\libc.a(lib_a-freer.o)
 .debug_abbrev  0x0000360a      0x1e3 c:/altera/13.0/nios2eds/bin/gnu/h-i686-mingw32/bin/../lib/gcc/nios2-elf/4.1.2/../../../../nios2-elf/lib\libc.a(lib_a-fwalk.o)
 .debug_abbrev  0x000037ed      0x197 c:/altera/13.0/nios2eds/bin/gnu/h-i686-mingw32/bin/../lib/gcc/nios2-elf/4.1.2/../../../../nios2-elf/lib\libc.a(lib_a-makebuf.o)
 .debug_abbrev  0x00003984      0x216 c:/altera/13.0/nios2eds/bin/gnu/h-i686-mingw32/bin/../lib/gcc/nios2-elf/4.1.2/../../../../nios2-elf/lib\libc.a(lib_a-mallocr.o)
 .debug_abbrev  0x00003b9a      0x18c c:/altera/13.0/nios2eds/bin/gnu/h-i686-mingw32/bin/../lib/gcc/nios2-elf/4.1.2/../../../../nios2-elf/lib\libc.a(lib_a-sbrkr.o)
 .debug_abbrev  0x00003d26      0x1c9 c:/altera/13.0/nios2eds/bin/gnu/h-i686-mingw32/bin/../lib/gcc/nios2-elf/4.1.2/../../../../nios2-elf/lib\libc.a(lib_a-stdio.o)
 .debug_abbrev  0x00003eef      0x184 c:/altera/13.0/nios2eds/bin/gnu/h-i686-mingw32/bin/../lib/gcc/nios2-elf/4.1.2/../../../../nios2-elf/lib\libc.a(lib_a-writer.o)
 .debug_abbrev  0x00004073      0x17f c:/altera/13.0/nios2eds/bin/gnu/h-i686-mingw32/bin/../lib/gcc/nios2-elf/4.1.2/../../../../nios2-elf/lib\libc.a(lib_a-closer.o)
 .debug_abbrev  0x000041f2      0x1a7 c:/altera/13.0/nios2eds/bin/gnu/h-i686-mingw32/bin/../lib/gcc/nios2-elf/4.1.2/../../../../nios2-elf/lib\libc.a(lib_a-fclose.o)
 .debug_abbrev  0x00004399      0x18e c:/altera/13.0/nios2eds/bin/gnu/h-i686-mingw32/bin/../lib/gcc/nios2-elf/4.1.2/../../../../nios2-elf/lib\libc.a(lib_a-fstatr.o)
 .debug_abbrev  0x00004527      0x17f c:/altera/13.0/nios2eds/bin/gnu/h-i686-mingw32/bin/../lib/gcc/nios2-elf/4.1.2/../../../../nios2-elf/lib\libc.a(lib_a-isattyr.o)
 .debug_abbrev  0x000046a6      0x18e c:/altera/13.0/nios2eds/bin/gnu/h-i686-mingw32/bin/../lib/gcc/nios2-elf/4.1.2/../../../../nios2-elf/lib\libc.a(lib_a-lseekr.o)
 .debug_abbrev  0x00004834      0x17f c:/altera/13.0/nios2eds/bin/gnu/h-i686-mingw32/bin/../lib/gcc/nios2-elf/4.1.2/../../../../nios2-elf/lib\libc.a(lib_a-readr.o)
 .debug_abbrev  0x000049b3       0xc6 BSP/\libhal_bsp.a(alt_exit.o)
 .debug_abbrev  0x00004a79      0x124 BSP/\libhal_bsp.a(alt_fstat.o)
 .debug_abbrev  0x00004b9d      0x124 BSP/\libhal_bsp.a(alt_isatty.o)
 .debug_abbrev  0x00004cc1      0x124 BSP/\libhal_bsp.a(alt_lseek.o)
 .debug_abbrev  0x00004de5      0x172 BSP/\libhal_bsp.a(alt_malloc_lock.o)
 .debug_abbrev  0x00004f57      0x133 BSP/\libhal_bsp.a(alt_read.o)
 .debug_abbrev  0x0000508a      0x112 BSP/\libhal_bsp.a(alt_sbrk.o)
 .debug_abbrev  0x0000519c      0x138 BSP/\libhal_bsp.a(alt_write.o)

.debug_line     0x00000000     0xc581
 *(.debug_line)
 .debug_line    0x00000000       0x6c BSP//obj/HAL/src/crt0.o
 .debug_line    0x0000006c      0x40e obj/default//C/goku/DE2-115_Media_Computer/app_software_HAL/media_graphics_HAL/media_graphics_HAL.o
 .debug_line    0x0000047a      0x2f8 c:/altera/13.0/nios2eds/bin/gnu/h-i686-mingw32/bin/../lib/gcc/nios2-elf/4.1.2/../../../../nios2-elf/lib\libc.a(lib_a-memset.o)
 .debug_line    0x00000772      0x26d BSP/\libhal_bsp.a(alt_load.o)
 .debug_line    0x000009df      0x2c8 BSP/\libhal_bsp.a(alt_main.o)
 .debug_line    0x00000ca7      0x1c7 BSP/\libhal_bsp.a(alt_printf.o)
 .debug_line    0x00000e6e      0x1c4 BSP/\libhal_bsp.a(alt_putchar.o)
 .debug_line    0x00001032      0x405 BSP/\libhal_bsp.a(alt_sys_init.o)
 .debug_line    0x00001437      0x1fa BSP/\libhal_bsp.a(altera_avalon_jtag_uart_fd.o)
 .debug_line    0x00001631      0x468 BSP/\libhal_bsp.a(altera_avalon_jtag_uart_init.o)
 .debug_line    0x00001a99      0x2e1 BSP/\libhal_bsp.a(altera_avalon_jtag_uart_ioctl.o)
 .debug_line    0x00001d7a      0x3e6 BSP/\libhal_bsp.a(altera_avalon_jtag_uart_read.o)
 .debug_line    0x00002160      0x40f BSP/\libhal_bsp.a(altera_avalon_jtag_uart_write.o)
 .debug_line    0x0000256f      0x436 BSP/\libhal_bsp.a(altera_up_avalon_character_lcd.o)
 .debug_line    0x000029a5      0x345 BSP/\libhal_bsp.a(altera_up_avalon_video_character_buffer_with_dma.o)
 .debug_line    0x00002cea      0x9b2 BSP/\libhal_bsp.a(altera_up_avalon_video_pixel_buffer_dma.o)
 .debug_line    0x0000369c      0x29d BSP/\libhal_bsp.a(alt_alarm_start.o)
 .debug_line    0x00003939      0x27f BSP/\libhal_bsp.a(alt_close.o)
 .debug_line    0x00003bb8      0x1af BSP/\libhal_bsp.a(alt_dcache_flush_all.o)
 .debug_line    0x00003d67      0x246 BSP/\libhal_bsp.a(alt_dev.o)
 .debug_line    0x00003fad      0x230 BSP/\libhal_bsp.a(alt_dev_llist_insert.o)
 .debug_line    0x000041dd      0x1a4 BSP/\libhal_bsp.a(alt_errno.o)
 .debug_line    0x00004381      0x255 BSP/\libhal_bsp.a(alt_find_dev.o)
 .debug_line    0x000045d6      0x1b7 BSP/\libhal_bsp.a(alt_icache_flush_all.o)
 .debug_line    0x0000478d      0x2ae BSP/\libhal_bsp.a(alt_io_redirect.o)
 .debug_line    0x00004a3b      0x286 BSP/\libhal_bsp.a(alt_irq_register.o)
 .debug_line    0x00004cc1       0x72 BSP/\libhal_bsp.a(alt_irq_vars.o)
 .debug_line    0x00004d33      0x2a0 BSP/\libhal_bsp.a(alt_open.o)
 .debug_line    0x00004fd3       0xe5 BSP/\libhal_bsp.a(alt_release_fd.o)
 .debug_line    0x000050b8      0x2c5 BSP/\libhal_bsp.a(alt_tick.o)
 .debug_line    0x0000537d      0x1e1 BSP/\libhal_bsp.a(altera_nios2_qsys_irq.o)
 .debug_line    0x0000555e      0x266 BSP/\libhal_bsp.a(alt_find_file.o)
 .debug_line    0x000057c4      0x271 BSP/\libhal_bsp.a(alt_get_fd.o)
 .debug_line    0x00005a35      0x1e3 BSP/\libhal_bsp.a(alt_icache_flush.o)
 .debug_line    0x00005c18       0x6b BSP/\libhal_bsp.a(alt_irq_entry.o)
 .debug_line    0x00005c83      0x23a BSP/\libhal_bsp.a(alt_irq_handler.o)
 .debug_line    0x00005ebd       0xab BSP/\libhal_bsp.a(alt_exception_entry.o)
 .debug_line    0x00005f68      0x232 c:/altera/13.0/nios2eds/bin/gnu/h-i686-mingw32/bin/../lib/gcc/nios2-elf/4.1.2/../../../../nios2-elf/lib\libc.a(lib_a-exit.o)
 .debug_line    0x0000619a      0x224 c:/altera/13.0/nios2eds/bin/gnu/h-i686-mingw32/bin/../lib/gcc/nios2-elf/4.1.2/../../../../nios2-elf/lib\libc.a(lib_a-impure.o)
 .debug_line    0x000063be      0x1d9 c:/altera/13.0/nios2eds/bin/gnu/h-i686-mingw32/bin/../lib/gcc/nios2-elf/4.1.2/../../../../nios2-elf/lib\libc.a(lib_a-int_errno.o)
 .debug_line    0x00006597      0x296 c:/altera/13.0/nios2eds/bin/gnu/h-i686-mingw32/bin/../lib/gcc/nios2-elf/4.1.2/../../../../nios2-elf/lib\libc.a(lib_a-memcmp.o)
 .debug_line    0x0000682d      0x1a9 c:/altera/13.0/nios2eds/bin/gnu/h-i686-mingw32/bin/../lib/gcc/nios2-elf/4.1.2/../../../../nios2-elf/lib\libc.a(lib_a-memcpy.o)
 .debug_line    0x000069d6      0x2be c:/altera/13.0/nios2eds/bin/gnu/h-i686-mingw32/bin/../lib/gcc/nios2-elf/4.1.2/../../../../nios2-elf/lib\libc.a(lib_a-putc.o)
 .debug_line    0x00006c94      0x2cc c:/altera/13.0/nios2eds/bin/gnu/h-i686-mingw32/bin/../lib/gcc/nios2-elf/4.1.2/../../../../nios2-elf/lib\libc.a(lib_a-strcmp.o)
 .debug_line    0x00006f60      0x264 c:/altera/13.0/nios2eds/bin/gnu/h-i686-mingw32/bin/../lib/gcc/nios2-elf/4.1.2/../../../../nios2-elf/lib\libc.a(lib_a-strlen.o)
 .debug_line    0x000071c4      0x34a c:/altera/13.0/nios2eds/bin/gnu/h-i686-mingw32/bin/../lib/gcc/nios2-elf/4.1.2/../../../../nios2-elf/lib\libc.a(lib_a-wbuf.o)
 .debug_line    0x0000750e      0x2ea c:/altera/13.0/nios2eds/bin/gnu/h-i686-mingw32/bin/../lib/gcc/nios2-elf/4.1.2/../../../../nios2-elf/lib\libc.a(lib_a-wsetup.o)
 .debug_line    0x000077f8      0x361 c:/altera/13.0/nios2eds/bin/gnu/h-i686-mingw32/bin/../lib/gcc/nios2-elf/4.1.2/../../../../nios2-elf/lib\libc.a(lib_a-__call_atexit.o)
 .debug_line    0x00007b59      0x407 c:/altera/13.0/nios2eds/bin/gnu/h-i686-mingw32/bin/../lib/gcc/nios2-elf/4.1.2/../../../../nios2-elf/lib\libc.a(lib_a-fflush.o)
 .debug_line    0x00007f60      0x5fb c:/altera/13.0/nios2eds/bin/gnu/h-i686-mingw32/bin/../lib/gcc/nios2-elf/4.1.2/../../../../nios2-elf/lib\libc.a(lib_a-findfp.o)
 .debug_line    0x0000855b      0x5e5 c:/altera/13.0/nios2eds/bin/gnu/h-i686-mingw32/bin/../lib/gcc/nios2-elf/4.1.2/../../../../nios2-elf/lib\libc.a(lib_a-freer.o)
 .debug_line    0x00008b40      0x344 c:/altera/13.0/nios2eds/bin/gnu/h-i686-mingw32/bin/../lib/gcc/nios2-elf/4.1.2/../../../../nios2-elf/lib\libc.a(lib_a-fwalk.o)
 .debug_line    0x00008e84      0x3bd c:/altera/13.0/nios2eds/bin/gnu/h-i686-mingw32/bin/../lib/gcc/nios2-elf/4.1.2/../../../../nios2-elf/lib\libc.a(lib_a-makebuf.o)
 .debug_line    0x00009241      0x804 c:/altera/13.0/nios2eds/bin/gnu/h-i686-mingw32/bin/../lib/gcc/nios2-elf/4.1.2/../../../../nios2-elf/lib\libc.a(lib_a-mallocr.o)
 .debug_line    0x00009a45      0x290 c:/altera/13.0/nios2eds/bin/gnu/h-i686-mingw32/bin/../lib/gcc/nios2-elf/4.1.2/../../../../nios2-elf/lib\libc.a(lib_a-sbrkr.o)
 .debug_line    0x00009cd5      0x386 c:/altera/13.0/nios2eds/bin/gnu/h-i686-mingw32/bin/../lib/gcc/nios2-elf/4.1.2/../../../../nios2-elf/lib\libc.a(lib_a-stdio.o)
 .debug_line    0x0000a05b      0x291 c:/altera/13.0/nios2eds/bin/gnu/h-i686-mingw32/bin/../lib/gcc/nios2-elf/4.1.2/../../../../nios2-elf/lib\libc.a(lib_a-writer.o)
 .debug_line    0x0000a2ec      0x291 c:/altera/13.0/nios2eds/bin/gnu/h-i686-mingw32/bin/../lib/gcc/nios2-elf/4.1.2/../../../../nios2-elf/lib\libc.a(lib_a-closer.o)
 .debug_line    0x0000a57d      0x2e2 c:/altera/13.0/nios2eds/bin/gnu/h-i686-mingw32/bin/../lib/gcc/nios2-elf/4.1.2/../../../../nios2-elf/lib\libc.a(lib_a-fclose.o)
 .debug_line    0x0000a85f      0x25e c:/altera/13.0/nios2eds/bin/gnu/h-i686-mingw32/bin/../lib/gcc/nios2-elf/4.1.2/../../../../nios2-elf/lib\libc.a(lib_a-fstatr.o)
 .debug_line    0x0000aabd      0x292 c:/altera/13.0/nios2eds/bin/gnu/h-i686-mingw32/bin/../lib/gcc/nios2-elf/4.1.2/../../../../nios2-elf/lib\libc.a(lib_a-isattyr.o)
 .debug_line    0x0000ad4f      0x291 c:/altera/13.0/nios2eds/bin/gnu/h-i686-mingw32/bin/../lib/gcc/nios2-elf/4.1.2/../../../../nios2-elf/lib\libc.a(lib_a-lseekr.o)
 .debug_line    0x0000afe0      0x290 c:/altera/13.0/nios2eds/bin/gnu/h-i686-mingw32/bin/../lib/gcc/nios2-elf/4.1.2/../../../../nios2-elf/lib\libc.a(lib_a-readr.o)
 .debug_line    0x0000b270      0x1ef BSP/\libhal_bsp.a(alt_exit.o)
 .debug_line    0x0000b45f      0x27d BSP/\libhal_bsp.a(alt_fstat.o)
 .debug_line    0x0000b6dc      0x27e BSP/\libhal_bsp.a(alt_isatty.o)
 .debug_line    0x0000b95a      0x265 BSP/\libhal_bsp.a(alt_lseek.o)
 .debug_line    0x0000bbbf      0x206 BSP/\libhal_bsp.a(alt_malloc_lock.o)
 .debug_line    0x0000bdc5      0x2b8 BSP/\libhal_bsp.a(alt_read.o)
 .debug_line    0x0000c07d      0x24b BSP/\libhal_bsp.a(alt_sbrk.o)
 .debug_line    0x0000c2c8      0x2b9 BSP/\libhal_bsp.a(alt_write.o)

.debug_frame    0x00000000      0xf58
 *(.debug_frame)
 .debug_frame   0x00000000       0x64 obj/default//C/goku/DE2-115_Media_Computer/app_software_HAL/media_graphics_HAL/media_graphics_HAL.o